============================= test session starts =============================
platform win32 -- Python 3.14.0, pytest-9.0.1, pluggy-1.6.0
rootdir: C:\Users\Hp\Desktop\EuroScope
configfile: pytest.ini
plugins: anyio-4.11.0, asyncio-1.3.0, cov-7.0.0
asyncio: mode=Mode.AUTO, debug=False, asyncio_default_fixture_loop_scope=function, asyncio_default_test_loop_scope=function
collected 566 items

tests\test_agent.py ....                                                 [  0%]
tests\test_automation.py ...............................                 [  6%]
tests\test_backtest_engine.py ...................                        [  9%]
tests\test_behavioral_validation.py s                                    [  9%]
tests\test_bot_callbacks.py ............                                 [ 11%]
tests\test_briefing_engine.py .                                          [ 12%]
tests\test_conflict_arbiter.py ....                                      [ 12%]
tests\test_fundamental.py .............                                  [ 15%]
tests\test_fundamental_resilience.py ....                                [ 15%]
tests\test_health_monitor.py ................                            [ 18%]
tests\test_integration.py ...........F.........                          [ 22%]
tests\test_learning_loop.py FF                                           [ 22%]
tests\test_levels.py ..................                                  [ 25%]
tests\test_liquidity_awareness.py ......                                 [ 26%]
tests\test_llm_router.py .............                                   [ 29%]
tests\test_memory.py FFFF.FFFFFF                                         [ 31%]
tests\test_models.py ...........                                         [ 33%]
tests\test_news_sentiment.py ...........F.                               [ 35%]
tests\test_notification_manager.py .F.F.F..F..                           [ 37%]
tests\test_orchestrator_resilience.py .                                  [ 37%]
tests\test_orchestrator_v2.py ................                           [ 40%]
tests\test_patterns.py ...........FFF.....                               [ 43%]
tests\test_performance_analytics.py FFFF........FFFF                     [ 46%]
tests\test_phase2_intelligence.py ..................                     [ 49%]
tests\test_phase3_adaptive.py FFFFFFFF.FFF.....................          [ 55%]
tests\test_phase3_learning.py FF.                                        [ 56%]
tests\test_phase4_integration.py .                                       [ 56%]
tests\test_phase4_production.py .........                                [ 57%]
tests\test_phase5_logic.py ..F                                           [ 58%]
tests\test_phase6_risk.py F.                                             [ 58%]
tests\test_phase8.py ...                                                 [ 59%]
tests\test_phase9.py FFFFFFFFFFFFF.FF                                    [ 62%]
tests\test_proactive_engine.py ........                                  [ 63%]
tests\test_provider.py ..                                                [ 63%]
tests\test_rate_limiter.py .....                                         [ 64%]
tests\test_risk_manager.py ...............................               [ 70%]
tests\test_safety_guardrails.py .......                                  [ 71%]
tests\test_session_context.py ....                                       [ 72%]
tests\test_signal_executor.py FFFFFFFFFFFFFFFFFFFFFF                     [ 75%]
tests\test_skills.py ..................................                  [ 81%]
tests\test_storage.py ..............................                     [ 87%]
tests\test_strategy.py .....................                             [ 90%]
tests\test_technical.py ..................                               [ 94%]
tests\test_uncertainty_assessment.py ........                            [ 95%]
tests\test_user_settings.py FFFFFFFFFFFFF                                [ 97%]
tests\test_vector_memory.py .....sssssss                                 [100%]

================================== FAILURES ===================================
________ TestDataFlowPipeline.test_trades_output_includes_causal_chain ________

self = <tests.test_integration.TestDataFlowPipeline object at 0x000002A367305A50>

    def test_trades_output_includes_causal_chain(self):
        from euroscope.learning.pattern_tracker import PatternTracker
        from euroscope.skills.trade_journal.skill import TradeJournalSkill
    
        storage = Storage(":memory:")
        tracker = PatternTracker(storage=storage)
        chain = {
            "trigger": "macro_event",
            "price_reaction": "strong_break",
            "indicator_response": "confirmed",
            "outcome": "profitable",
        }
        tracker.record_detection("double_top", "H1", "SELL", 1.0850, causal_chain=chain)
    
        ctx = SkillContext()
        ctx.metadata["causal_chain"] = chain
        skill = TradeJournalSkill()
        skill.storage = storage
    
        result = skill.execute(ctx, "log_trade",
                               direction="SELL", entry_price=1.0850,
                               strategy="pattern")
        assert result.success
    
        journal = skill.execute(ctx, "get_journal", status="open")
>       assert journal.success
E       assert False
E        +  where False = SkillResult(success=False, data=None, error="'coroutine' object is not subscriptable", status='success', metadata={}, next_skill=None).success

tests\test_integration.py:369: AssertionError
________________________ test_learning_loop_end_to_end ________________________

skill = <Skill:trade_journal v1.0.0 [analytics]>
storage = <euroscope.data.storage.Storage object at 0x000002A36A364B90>

    @pytest.mark.asyncio
    async def test_learning_loop_end_to_end(skill, storage):
        # 1. Log a trade with specific context
        context = SkillContext()
        context.metadata["causal_chain"] = {
            "trigger": "macro_event",
            "liquidity_aligned": False,
            "data_quality": "minimal"
        }
    
        log_result = skill.execute(
            context,
            "log_trade",
            direction="BUY",
            entry_price=1.0850,
            strategy="test_strat",
            regime="ranging"
        )
        assert log_result.success
        trade_id = log_result.data["trade_id"]
    
        # 2. Close the trade with a loss
        close_result = skill.execute(
            context,
            "close_trade",
            trade_id=trade_id,
            exit_price=1.0800,
            pnl_pips=-50.0,
            is_win=False
        )
>       assert close_result.success
E       assert False
E        +  where False = SkillResult(success=False, data=None, error="'coroutine' object has no attribute 'get'", status='success', metadata={}, next_skill=None).success

tests\test_learning_loop.py:48: AssertionError
------------------------------ Captured log call ------------------------------
ERROR    euroscope.skills.trade_journal:skill.py:124 Error closing trade: 'coroutine' object has no attribute 'get'
Traceback (most recent call last):
  File "C:\Users\Hp\Desktop\EuroScope\euroscope\skills\trade_journal\skill.py", line 84, in _close_trade
    raw_ind = trade_data.get("indicators_snapshot", "{}")
              ^^^^^^^^^^^^^^
AttributeError: 'coroutine' object has no attribute 'get'
______________________ test_adaptive_tuner_with_insights ______________________

skill = <Skill:trade_journal v1.0.0 [analytics]>
storage = <euroscope.data.storage.Storage object at 0x000002A36A495790>

    @pytest.mark.asyncio
    async def test_adaptive_tuner_with_insights(skill, storage):
        # 1. Inject some failures into the database
        for i in range(3):
            storage.save_learning_insight(
                trade_id=f"T{i}",
                accuracy=0.0,
                factors=["regime_misidentification"],
                recommendations=["Increase sensitivity"]
            )
    
        # 2. Run AdaptiveTuner
        from euroscope.learning.adaptive_tuner import AdaptiveTuner
        tuner = AdaptiveTuner(storage=storage)
    
        # We need at least 5 trades for the tuner to be 'ready'
        # Let's mock the trade journal stats
>       storage._conn.execute("""
        ^^^^^^^^^^^^^
            INSERT INTO trade_journal (timestamp, direction, entry_price, status, is_win, pnl_pips)
            VALUES ('2024-01-01', 'BUY', 1.0, 'closed', 0, -10.0)
        """)
E       AttributeError: 'Storage' object has no attribute '_conn'

tests\test_learning_loop.py:75: AttributeError
_________________ TestRecordPrediction.test_record_returns_id _________________

self = <tests.test_memory.TestRecordPrediction object at 0x000002A367345E50>
memory_instance = <euroscope.brain.memory.Memory object at 0x000002A36A44C270>

    def test_record_returns_id(self, memory_instance):
        pid = memory_instance.record_prediction("BULLISH", 75.0, "Test reasoning")
        assert pid is not None
>       assert pid > 0
               ^^^^^^^
E       TypeError: '>' not supported between instances of 'coroutine' and 'int'

tests\test_memory.py:35: TypeError
________________ TestRecordPrediction.test_record_with_target _________________

self = <tests.test_memory.TestRecordPrediction object at 0x000002A367345F90>
memory_instance = <euroscope.brain.memory.Memory object at 0x000002A36A44C7C0>

    def test_record_with_target(self, memory_instance):
        pid = memory_instance.record_prediction(
            "BEARISH", 60.0, "Bearish divergence",
            target_price=1.0800, timeframe="H4"
        )
>       assert pid > 0
               ^^^^^^^
E       TypeError: '>' not supported between instances of 'coroutine' and 'int'

tests\test_memory.py:42: TypeError
_______________ TestEvaluatePrediction.test_correct_prediction ________________

self = <tests.test_memory.TestEvaluatePrediction object at 0x000002A3673460D0>
memory_instance = <euroscope.brain.memory.Memory object at 0x000002A36A32D550>

    def test_correct_prediction(self, memory_instance):
        pid = memory_instance.record_prediction("BULLISH", 75.0, "Test")
        memory_instance.evaluate_prediction(pid, "BULLISH", 1.0850)
        # After evaluation, prediction should be resolved
        preds = memory_instance.storage.get_unresolved_predictions()
>       assert len(preds) == 0
               ^^^^^^^^^^
E       TypeError: object of type 'coroutine' has no len()

tests\test_memory.py:53: TypeError
________________ TestEvaluatePrediction.test_wrong_prediction _________________

self = <tests.test_memory.TestEvaluatePrediction object at 0x000002A367346210>
memory_instance = <euroscope.brain.memory.Memory object at 0x000002A36A32DA50>

    def test_wrong_prediction(self, memory_instance):
        pid = memory_instance.record_prediction("BULLISH", 75.0, "Test")
        memory_instance.evaluate_prediction(pid, "BEARISH", 1.0750)
        preds = memory_instance.storage.get_unresolved_predictions()
>       assert len(preds) == 0
               ^^^^^^^^^^
E       TypeError: object of type 'coroutine' has no len()

tests\test_memory.py:59: TypeError
___________________ TestAccuracyReport.test_no_predictions ____________________

self = <tests.test_memory.TestAccuracyReport object at 0x000002A367346350>
memory_instance = <euroscope.brain.memory.Memory object at 0x000002A36A4A0C80>

    def test_no_predictions(self, memory_instance):
        report = memory_instance.get_accuracy_report()
>       assert "No predictions" in report or "no" in report.lower()
               ^^^^^^^^^^^^^^^^^^^^^^^^^^
E       TypeError: argument of type 'coroutine' is not a container or iterable

tests\test_memory.py:71: TypeError
__________________ TestAccuracyReport.test_with_predictions ___________________

self = <tests.test_memory.TestAccuracyReport object at 0x000002A367346490>
memory_instance = <euroscope.brain.memory.Memory object at 0x000002A36A33D7F0>

    def test_with_predictions(self, memory_instance):
        p1 = memory_instance.record_prediction("BULLISH", 75.0, "Test 1")
        p2 = memory_instance.record_prediction("BEARISH", 60.0, "Test 2")
        memory_instance.evaluate_prediction(p1, "BULLISH", 1.0850)
        memory_instance.evaluate_prediction(p2, "BULLISH", 1.0850)
    
        report = memory_instance.get_accuracy_report()
>       assert "Accuracy" in report
               ^^^^^^^^^^^^^^^^^^^^
E       TypeError: argument of type 'coroutine' is not a container or iterable

tests\test_memory.py:80: TypeError
________________ TestLearningContext.test_insufficient_history ________________

self = <tests.test_memory.TestLearningContext object at 0x000002A3673465D0>
memory_instance = <euroscope.brain.memory.Memory object at 0x000002A36A33F310>

    def test_insufficient_history(self, memory_instance):
        context = memory_instance.get_learning_context()
>       assert "No sufficient" in context
               ^^^^^^^^^^^^^^^^^^^^^^^^^^
E       TypeError: argument of type 'coroutine' is not a container or iterable

tests\test_memory.py:88: TypeError
____________________ TestLearningContext.test_with_history ____________________

self = <tests.test_memory.TestLearningContext object at 0x000002A367346710>
memory_instance = <euroscope.brain.memory.Memory object at 0x000002A36A48A1A0>

    def test_with_history(self, memory_instance):
        for i in range(5):
            pid = memory_instance.record_prediction("BULLISH", 70.0, f"Test {i}")
            memory_instance.evaluate_prediction(pid, "BULLISH", 1.0850)
    
        context = memory_instance.get_learning_context()
>       assert "accuracy" in context.lower() or "prediction" in context.lower()
                             ^^^^^^^^^^^^^
E       AttributeError: 'coroutine' object has no attribute 'lower'

tests\test_memory.py:96: AttributeError
_______________________ TestInsights.test_save_insight ________________________

self = <tests.test_memory.TestInsights object at 0x000002A367346850>
memory_instance = <euroscope.brain.memory.Memory object at 0x000002A36A48CC50>

    def test_save_insight(self, memory_instance):
        memory_instance.save_insight("RSI divergence near support is a strong signal")
        insights = memory_instance.storage.get_memory("learning_insights")
>       assert "RSI divergence" in insights
               ^^^^^^^^^^^^^^^^^^^^^^^^^^^^
E       TypeError: argument of type 'coroutine' is not a container or iterable

tests\test_memory.py:105: TypeError
_____________________ TestInsights.test_multiple_insights _____________________

self = <tests.test_memory.TestInsights object at 0x000002A367346990>
memory_instance = <euroscope.brain.memory.Memory object at 0x000002A36A48C950>

    def test_multiple_insights(self, memory_instance):
        for i in range(7):
            memory_instance.save_insight(f"Insight {i}")
    
        insights = memory_instance.storage.get_memory("learning_insights")
        # Should keep only last 5
>       assert "Insight 6" in insights
               ^^^^^^^^^^^^^^^^^^^^^^^
E       TypeError: argument of type 'coroutine' is not a container or iterable

tests\test_memory.py:113: TypeError
_________ TestNewsEngineSentiment.test_sentiment_summary_with_storage _________

self = <tests.test_news_sentiment.TestNewsEngineSentiment object at 0x000002A3673BC3E0>

    def test_sentiment_summary_with_storage(self):
        fd, path = tempfile.mkstemp(suffix=".db")
        os.close(fd)
        try:
            storage = Storage(path)
            engine = NewsEngine(api_key="", storage=storage)
    
            # Add some mock news
            storage.save_news_event("Bullish news", "test", sentiment="bullish", sentiment_score=0.5)
            storage.save_news_event("Bearish news", "test", sentiment="bearish", sentiment_score=-0.5)
            storage.save_news_event("Neutral news", "test", sentiment="neutral", sentiment_score=0.0)
    
>           summary = engine.get_sentiment_summary()
                      ^^^^^^^^^^^^^^^^^^^^^^^^^^^^^^

tests\test_news_sentiment.py:98: 
_ _ _ _ _ _ _ _ _ _ _ _ _ _ _ _ _ _ _ _ _ _ _ _ _ _ _ _ _ _ _ _ _ _ _ _ _ _ _ _

self = <euroscope.data.news.NewsEngine object at 0x000002A36A2F6D70>

    def get_sentiment_summary(self) -> dict:
        """
        Get aggregate sentiment from recently stored news.
        Returns sentiment distribution and overall bias.
        """
        if not self.storage:
            return {"error": "No storage configured"}
    
        recent = self.storage.get_recent_news(limit=20)
        if not recent:
            return {"total": 0, "overall": "neutral", "message": "No recent news"}
    
>       bullish = sum(1 for n in recent if n.get("sentiment") == "bullish")
                                 ^^^^^^
E       TypeError: 'coroutine' object is not iterable

euroscope\data\news.py:212: TypeError
____________ TestSignalAlerts.test_notify_skipped_when_alerts_off _____________

self = <tests.test_notification_manager.TestSignalAlerts object at 0x000002A367B80E10>
manager = <euroscope.bot.notification_manager.NotificationManager object at 0x000002A36A33E430>

    @pytest.mark.asyncio
    async def test_notify_skipped_when_alerts_off(self, manager):
        # Save prefs with signals disabled
        manager.storage.save_user_preferences(12345, alert_on_signals=0)
    
        result = {
            "id": 1, "direction": "BUY", "entry_price": 1.0900,
            "exit_price": 1.0940, "pnl_pips": 40.0, "is_win": True,
            "reason": "take_profit", "strategy": "manual",
        }
        await manager.notify_signal_closed(12345, result)
>       manager._bot.send_message.assert_not_called()

tests\test_notification_manager.py:50: 
_ _ _ _ _ _ _ _ _ _ _ _ _ _ _ _ _ _ _ _ _ _ _ _ _ _ _ _ _ _ _ _ _ _ _ _ _ _ _ _

self = <AsyncMock name='mock.send_message' id='2900892479376'>

    def assert_not_called(self):
        """assert that the mock was never called.
        """
        if self.call_count != 0:
            msg = ("Expected '%s' to not have been called. Called %s times.%s"
                   % (self._mock_name or 'mock',
                      self.call_count,
                      self._calls_repr()))
>           raise AssertionError(msg)
E           AssertionError: Expected 'send_message' to not have been called. Called 1 times.
E           Calls: [call(chat_id=12345, text='\U0001f514 *Signal Alert*\\n\\n\u2705 #1 BUY closed\\n\U0001f4cd Entry: `1.09`\\n\U0001f4cd Exit: `1.094`\\n\U0001f4b0 P/L: `+40.0` pips\\n\U0001f4cb Reason: Take Profit\\n\U0001f9e0 Strategy: manual', parse_mode='Markdown', message_thread_id=None)].

C:\Python314\Lib\unittest\mock.py:946: AssertionError
_________________ TestPriceAlerts.test_price_alert_triggered __________________

self = <tests.test_notification_manager.TestPriceAlerts object at 0x000002A367B80F50>
manager = <euroscope.bot.notification_manager.NotificationManager object at 0x000002A36A48CB90>

    @pytest.mark.asyncio
    async def test_price_alert_triggered(self, manager):
        manager.storage.add_alert("above", 1.1000, chat_id=12345)
        await manager.check_price_alerts(1.1010)
>       manager._bot.send_message.assert_called_once()

tests\test_notification_manager.py:70: 
_ _ _ _ _ _ _ _ _ _ _ _ _ _ _ _ _ _ _ _ _ _ _ _ _ _ _ _ _ _ _ _ _ _ _ _ _ _ _ _

self = <AsyncMock name='mock.send_message' id='2900890908192'>

    def assert_called_once(self):
        """assert that the mock was called only once.
        """
        if not self.call_count == 1:
            msg = ("Expected '%s' to have been called once. Called %s times.%s"
                   % (self._mock_name or 'mock',
                      self.call_count,
                      self._calls_repr()))
>           raise AssertionError(msg)
E           AssertionError: Expected 'send_message' to have been called once. Called 0 times.

C:\Python314\Lib\unittest\mock.py:964: AssertionError
_________________ TestPriceAlerts.test_below_alert_triggered __________________

self = <tests.test_notification_manager.TestPriceAlerts object at 0x000002A367BA0180>
manager = <euroscope.bot.notification_manager.NotificationManager object at 0x000002A36ABA5860>

    @pytest.mark.asyncio
    async def test_below_alert_triggered(self, manager):
        manager.storage.add_alert("below", 1.0900, chat_id=12345)
        await manager.check_price_alerts(1.0890)
>       manager._bot.send_message.assert_called_once()

tests\test_notification_manager.py:82: 
_ _ _ _ _ _ _ _ _ _ _ _ _ _ _ _ _ _ _ _ _ _ _ _ _ _ _ _ _ _ _ _ _ _ _ _ _ _ _ _

self = <AsyncMock name='mock.send_message' id='2900892482400'>

    def assert_called_once(self):
        """assert that the mock was called only once.
        """
        if not self.call_count == 1:
            msg = ("Expected '%s' to have been called once. Called %s times.%s"
                   % (self._mock_name or 'mock',
                      self.call_count,
                      self._calls_repr()))
>           raise AssertionError(msg)
E           AssertionError: Expected 'send_message' to have been called once. Called 0 times.

C:\Python314\Lib\unittest\mock.py:964: AssertionError
_______________ TestNewsAlerts.test_news_skipped_when_disabled ________________

self = <tests.test_notification_manager.TestNewsAlerts object at 0x000002A367BA02B0>
manager = <euroscope.bot.notification_manager.NotificationManager object at 0x000002A36AB35DB0>

    @pytest.mark.asyncio
    async def test_news_skipped_when_disabled(self, manager):
        manager.storage.save_user_preferences(12345, alert_on_news=0)
        articles = [
            {"title": "Big News", "sentiment": "bullish",
             "sentiment_score": 0.9},
        ]
        await manager.notify_high_impact_news(12345, articles)
>       manager._bot.send_message.assert_not_called()

tests\test_notification_manager.py:113: 
_ _ _ _ _ _ _ _ _ _ _ _ _ _ _ _ _ _ _ _ _ _ _ _ _ _ _ _ _ _ _ _ _ _ _ _ _ _ _ _

self = <AsyncMock name='mock.send_message' id='2900894075936'>

    def assert_not_called(self):
        """assert that the mock was never called.
        """
        if self.call_count != 0:
            msg = ("Expected '%s' to not have been called. Called %s times.%s"
                   % (self._mock_name or 'mock',
                      self.call_count,
                      self._calls_repr()))
>           raise AssertionError(msg)
E           AssertionError: Expected 'send_message' to not have been called. Called 1 times.
E           Calls: [call(chat_id=12345, text='\U0001f4f0 *High-Impact News*\\n\\n\U0001f7e2 Big News\\nSentiment: Bullish (+0.90)\\n', parse_mode='Markdown', disable_web_page_preview=True, message_thread_id=None)].

C:\Python314\Lib\unittest\mock.py:946: AssertionError
_____ TestPatternTrackerCausal.test_match_causal_pattern_high_confidence ______

self = <tests.test_patterns.TestPatternTrackerCausal object at 0x000002A367B82490>

    def test_match_causal_pattern_high_confidence(self):
        storage = Storage(":memory:")
        tracker = PatternTracker(storage=storage)
        chain = {
            "trigger": "macro_event",
            "price_reaction": "strong_break",
            "indicator_response": "confirmed",
            "outcome": "profitable",
        }
        pid = tracker.record_detection(
            "head_and_shoulders", "H1", "SELL", 1.085, causal_chain=chain
        )
        tracker.resolve(pid, "SUCCESS", 1.08, True)
        context = {
            "trigger": "macro_event",
            "price_reaction": "strong_break",
            "indicator_response": "confirmed",
            "pattern_name": "head_and_shoulders",
            "timeframe": "H1",
        }
        multiplier = tracker.match_causal_pattern(context)
>       assert multiplier >= 1.1
               ^^^^^^^^^^^^^^^^^
E       TypeError: '>=' not supported between instances of 'coroutine' and 'float'

tests\test_patterns.py:110: TypeError
______ TestPatternTrackerCausal.test_match_causal_pattern_macro_mismatch ______

self = <tests.test_patterns.TestPatternTrackerCausal object at 0x000002A367B825D0>

    def test_match_causal_pattern_macro_mismatch(self):
        storage = Storage(":memory:")
        tracker = PatternTracker(storage=storage)
        chain = {
            "trigger": "quiet_market",
            "price_reaction": "consolidation",
            "indicator_response": "neutral",
            "outcome": "profitable",
        }
        pid = tracker.record_detection(
            "head_and_shoulders", "H1", "SELL", 1.085, causal_chain=chain
        )
        tracker.resolve(pid, "SUCCESS", 1.08, True)
        context = {
            "trigger": "macro_event",
            "price_reaction": "strong_break",
            "indicator_response": "confirmed",
            "pattern_name": "head_and_shoulders",
            "timeframe": "H1",
        }
        multiplier = tracker.match_causal_pattern(context)
>       assert multiplier <= 0.5
               ^^^^^^^^^^^^^^^^^
E       TypeError: '<=' not supported between instances of 'coroutine' and 'float'

tests\test_patterns.py:133: TypeError
___ TestPatternTrackerCausal.test_match_causal_pattern_without_causal_chain ___

self = <tests.test_patterns.TestPatternTrackerCausal object at 0x000002A367BA1E00>

    def test_match_causal_pattern_without_causal_chain(self):
        storage = Storage(":memory:")
        tracker = PatternTracker(storage=storage)
        pid = tracker.record_detection("double_top", "H1", "SELL", 1.085)
        tracker.resolve(pid, "SUCCESS", 1.08, True)
        context = {
            "trigger": "macro_event",
            "price_reaction": "strong_break",
            "indicator_response": "confirmed",
            "pattern_name": "double_top",
            "timeframe": "H1",
        }
        multiplier = tracker.match_causal_pattern(context)
>       assert multiplier >= 1.0
               ^^^^^^^^^^^^^^^^^
E       TypeError: '>=' not supported between instances of 'coroutine' and 'float'

tests\test_patterns.py:148: TypeError
_____________________ TestBasicMetrics.test_empty_trades ______________________

self = <tests.test_performance_analytics.TestBasicMetrics object at 0x000002A367B82E90>
analytics = <euroscope.analytics.performance_analytics.PerformanceAnalytics object at 0x000002A368EDD7F0>

    def test_empty_trades(self, analytics):
        snap = analytics.calculate()
>       assert snap.total_trades == 0
               ^^^^^^^^^^^^^^^^^
E       AttributeError: 'coroutine' object has no attribute 'total_trades'

tests\test_performance_analytics.py:37: AttributeError
______________________ TestBasicMetrics.test_single_win _______________________

self = <tests.test_performance_analytics.TestBasicMetrics object at 0x000002A367B83110>
analytics = <euroscope.analytics.performance_analytics.PerformanceAnalytics object at 0x000002A368D8EC10>

    def test_single_win(self, analytics):
        _seed_trades(analytics.storage, [
            {"direction": "BUY", "entry": 1.09, "pnl": 40},
        ])
        snap = analytics.calculate()
>       assert snap.total_trades == 1
               ^^^^^^^^^^^^^^^^^
E       AttributeError: 'coroutine' object has no attribute 'total_trades'

tests\test_performance_analytics.py:45: AttributeError
_____________________ TestBasicMetrics.test_win_loss_mix ______________________

self = <tests.test_performance_analytics.TestBasicMetrics object at 0x000002A367BA2650>
analytics = <euroscope.analytics.performance_analytics.PerformanceAnalytics object at 0x000002A368D8E990>

    def test_win_loss_mix(self, analytics):
        _seed_trades(analytics.storage, [
            {"direction": "BUY", "entry": 1.09, "pnl": 40},
            {"direction": "SELL", "entry": 1.10, "pnl": -20},
            {"direction": "BUY", "entry": 1.08, "pnl": 30},
        ])
        snap = analytics.calculate()
>       assert snap.total_trades == 3
               ^^^^^^^^^^^^^^^^^
E       AttributeError: 'coroutine' object has no attribute 'total_trades'

tests\test_performance_analytics.py:57: AttributeError
_____________________ TestBasicMetrics.test_profit_factor _____________________

self = <tests.test_performance_analytics.TestBasicMetrics object at 0x000002A367BA2520>
analytics = <euroscope.analytics.performance_analytics.PerformanceAnalytics object at 0x000002A368EB5A70>

    def test_profit_factor(self, analytics):
        _seed_trades(analytics.storage, [
            {"direction": "BUY", "entry": 1.09, "pnl": 60},
            {"direction": "SELL", "entry": 1.10, "pnl": -20},
        ])
        snap = analytics.calculate()
>       assert snap.profit_factor == 3.0  # 60/20
               ^^^^^^^^^^^^^^^^^^
E       AttributeError: 'coroutine' object has no attribute 'profit_factor'

tests\test_performance_analytics.py:69: AttributeError
_______________ TestSnapshotPersistence.test_save_and_retrieve ________________

self = <tests.test_performance_analytics.TestSnapshotPersistence object at 0x000002A367B834D0>
analytics = <euroscope.analytics.performance_analytics.PerformanceAnalytics object at 0x000002A368EB5F30>

    def test_save_and_retrieve(self, analytics):
        _seed_trades(analytics.storage, [
            {"direction": "BUY", "entry": 1.09, "pnl": 40},
            {"direction": "SELL", "entry": 1.10, "pnl": -20},
        ])
        snap = analytics.calculate("daily")
        snap_id = analytics.save_snapshot(snap)
>       assert snap_id > 0
               ^^^^^^^^^^^
E       TypeError: '>' not supported between instances of 'coroutine' and 'int'

tests\test_performance_analytics.py:126: TypeError
_______________________ TestBreakdowns.test_by_strategy _______________________

self = <tests.test_performance_analytics.TestBreakdowns object at 0x000002A367B83610>
analytics = <euroscope.analytics.performance_analytics.PerformanceAnalytics object at 0x000002A368EE7650>

    def test_by_strategy(self, analytics):
        _seed_trades(analytics.storage, [
            {"direction": "BUY", "entry": 1.09, "pnl": 40, "strategy": "trend_following"},
            {"direction": "SELL", "entry": 1.10, "pnl": -20, "strategy": "mean_reversion"},
        ])
        snap = analytics.calculate()
>       assert "trend_following" in snap.by_strategy
                                    ^^^^^^^^^^^^^^^^
E       AttributeError: 'coroutine' object has no attribute 'by_strategy'

tests\test_performance_analytics.py:144: AttributeError
______________________ TestFormatting.test_format_empty _______________________

self = <tests.test_performance_analytics.TestFormatting object at 0x000002A367B83750>
analytics = <euroscope.analytics.performance_analytics.PerformanceAnalytics object at 0x000002A364CFBAC0>

    def test_format_empty(self, analytics):
        snap = analytics.calculate()
>       text = analytics.format_full_report(snap)
               ^^^^^^^^^^^^^^^^^^^^^^^^^^^^^^^^^^

tests\test_performance_analytics.py:154: 
_ _ _ _ _ _ _ _ _ _ _ _ _ _ _ _ _ _ _ _ _ _ _ _ _ _ _ _ _ _ _ _ _ _ _ _ _ _ _ _

self = <euroscope.analytics.performance_analytics.PerformanceAnalytics object at 0x000002A364CFBAC0>
snap = <coroutine object PerformanceAnalytics.calculate at 0x000002A364DED210>

    def format_full_report(self, snap: PerformanceSnapshot) -> str:
        """Format a complete performance report for Telegram."""
>       if snap.total_trades == 0:
           ^^^^^^^^^^^^^^^^^
E       AttributeError: 'coroutine' object has no attribute 'total_trades'

euroscope\analytics\performance_analytics.py:338: AttributeError
____________________ TestFormatting.test_format_with_data _____________________

self = <tests.test_performance_analytics.TestFormatting object at 0x000002A367B83890>
analytics = <euroscope.analytics.performance_analytics.PerformanceAnalytics object at 0x000002A364CFAAD0>

    def test_format_with_data(self, analytics):
        _seed_trades(analytics.storage, [
            {"direction": "BUY", "entry": 1.09, "pnl": 40},
            {"direction": "SELL", "entry": 1.10, "pnl": -20},
        ])
        snap = analytics.calculate()
>       text = analytics.format_full_report(snap)
               ^^^^^^^^^^^^^^^^^^^^^^^^^^^^^^^^^^

tests\test_performance_analytics.py:163: 
_ _ _ _ _ _ _ _ _ _ _ _ _ _ _ _ _ _ _ _ _ _ _ _ _ _ _ _ _ _ _ _ _ _ _ _ _ _ _ _

self = <euroscope.analytics.performance_analytics.PerformanceAnalytics object at 0x000002A364CFAAD0>
snap = <coroutine object PerformanceAnalytics.calculate at 0x000002A364DEDB70>

    def format_full_report(self, snap: PerformanceSnapshot) -> str:
        """Format a complete performance report for Telegram."""
>       if snap.total_trades == 0:
           ^^^^^^^^^^^^^^^^^
E       AttributeError: 'coroutine' object has no attribute 'total_trades'

euroscope\analytics\performance_analytics.py:338: AttributeError
_________________ TestForecastTracker.test_register_forecast __________________

self = <tests.test_phase3_adaptive.TestForecastTracker object at 0x000002A367C4C7D0>

    def test_register_forecast(self):
        tracker = self._make_tracker()
        fc = tracker.register_forecast(
            skill="technical_analysis",
            direction="BUY",
            entry_price=1.0850,
            target_price=1.0900,
            confidence=70,
            stop_price=1.0820,
        )
>       assert fc.id.startswith("fc_")
               ^^^^^
E       AttributeError: 'coroutine' object has no attribute 'id'

tests\test_phase3_adaptive.py:35: AttributeError
_________________ TestForecastTracker.test_resolve_hit_target _________________

self = <tests.test_phase3_adaptive.TestForecastTracker object at 0x000002A367C4C910>

    def test_resolve_hit_target(self):
        tracker = self._make_tracker()
        tracker.register_forecast(
            skill="technical_analysis",
            direction="BUY",
            entry_price=1.0850,
            target_price=1.0900,
            confidence=70,
        )
        resolved = tracker.resolve_all(current_price=1.0910)
>       assert len(resolved) == 1
               ^^^^^^^^^^^^^
E       TypeError: object of type 'coroutine' has no len()

tests\test_phase3_adaptive.py:50: TypeError
__________________ TestForecastTracker.test_resolve_hit_stop __________________

self = <tests.test_phase3_adaptive.TestForecastTracker object at 0x000002A367BA35C0>

    def test_resolve_hit_stop(self):
        tracker = self._make_tracker()
        tracker.register_forecast(
            skill="technical_analysis",
            direction="BUY",
            entry_price=1.0850,
            target_price=1.0900,
            stop_price=1.0820,
            confidence=80,
        )
        resolved = tracker.resolve_all(current_price=1.0810)
>       assert len(resolved) == 1
               ^^^^^^^^^^^^^
E       TypeError: object of type 'coroutine' has no len()

tests\test_phase3_adaptive.py:65: TypeError
________________ TestForecastTracker.test_resolve_sell_target _________________

self = <tests.test_phase3_adaptive.TestForecastTracker object at 0x000002A367BA36F0>

    def test_resolve_sell_target(self):
        tracker = self._make_tracker()
        tracker.register_forecast(
            skill="correlation_monitor",
            direction="SELL",
            entry_price=1.0850,
            target_price=1.0800,
            confidence=65,
        )
        resolved = tracker.resolve_all(current_price=1.0790)
>       assert len(resolved) == 1
               ^^^^^^^^^^^^^
E       TypeError: object of type 'coroutine' has no len()

tests\test_phase3_adaptive.py:79: TypeError
__________________ TestForecastTracker.test_resolve_expired ___________________

self = <tests.test_phase3_adaptive.TestForecastTracker object at 0x000002A367BDE210>

    def test_resolve_expired(self):
        tracker = self._make_tracker()
        fc = tracker.register_forecast(
            skill="multi_timeframe_confluence",
            direction="BUY",
            entry_price=1.0850,
            target_price=1.0900,
            confidence=50,
            ttl_hours=1,
        )
        # Force expiry
>       fc.expires_at = datetime.now(UTC) - timedelta(hours=1)
        ^^^^^^^^^^^^^
E       AttributeError: 'coroutine' object has no attribute 'expires_at' and no __dict__ for setting new attributes

tests\test_phase3_adaptive.py:93: AttributeError
__________________ TestForecastTracker.test_resolve_partial ___________________

self = <tests.test_phase3_adaptive.TestForecastTracker object at 0x000002A367BEE360>

    def test_resolve_partial(self):
        tracker = self._make_tracker()
        fc = tracker.register_forecast(
            skill="technical_analysis",
            direction="BUY",
            entry_price=1.0850,
            target_price=1.0900,
            confidence=60,
            ttl_hours=1,
        )
>       fc.expires_at = datetime.now(UTC) - timedelta(hours=1)
        ^^^^^^^^^^^^^
E       AttributeError: 'coroutine' object has no attribute 'expires_at' and no __dict__ for setting new attributes

tests\test_phase3_adaptive.py:108: AttributeError
____________ TestForecastTracker.test_weight_adjustment_on_success ____________

self = <tests.test_phase3_adaptive.TestForecastTracker object at 0x000002A367BEE470>

    def test_weight_adjustment_on_success(self):
        tracker = self._make_tracker()
        initial_weight = tracker.get_weight("technical_analysis")
        tracker.register_forecast(
            skill="technical_analysis",
            direction="BUY",
            entry_price=1.0850,
            target_price=1.0900,
            confidence=80,
        )
        tracker.resolve_all(current_price=1.0910)
        new_weight = tracker.get_weight("technical_analysis")
>       assert new_weight > initial_weight
E       assert 1.0 > 1.0

tests\test_phase3_adaptive.py:126: AssertionError
____________ TestForecastTracker.test_weight_adjustment_on_failure ____________

self = <tests.test_phase3_adaptive.TestForecastTracker object at 0x000002A367C44350>

    def test_weight_adjustment_on_failure(self):
        tracker = self._make_tracker()
        initial_weight = tracker.get_weight("technical_analysis")
        tracker.register_forecast(
            skill="technical_analysis",
            direction="BUY",
            entry_price=1.0850,
            target_price=1.0900,
            stop_price=1.0820,
            confidence=80,
        )
        tracker.resolve_all(current_price=1.0810)
        new_weight = tracker.get_weight("technical_analysis")
>       assert new_weight < initial_weight
E       assert 1.0 < 1.0

tests\test_phase3_adaptive.py:141: AssertionError
_________________ TestForecastTracker.test_get_open_forecasts _________________

self = <tests.test_phase3_adaptive.TestForecastTracker object at 0x000002A367BBCC80>

    def test_get_open_forecasts(self):
        tracker = self._make_tracker()
        tracker.register_forecast(
            skill="a", direction="BUY", entry_price=1.08, target_price=1.09, confidence=50
        )
        tracker.register_forecast(
            skill="b", direction="SELL", entry_price=1.08, target_price=1.07, confidence=50
        )
>       assert len(tracker.get_open_forecasts()) == 2
E       assert 0 == 2
E        +  where 0 = len([])
E        +    where [] = get_open_forecasts()
E        +      where get_open_forecasts = <euroscope.learning.forecast_tracker.ForecastTracker object at 0x000002A36AB5BA50>.get_open_forecasts

tests\test_phase3_adaptive.py:167: AssertionError
___________________ TestForecastTracker.test_skill_accuracy ___________________

self = <tests.test_phase3_adaptive.TestForecastTracker object at 0x000002A367BBC7D0>

    def test_skill_accuracy(self):
        tracker = self._make_tracker()
        tracker.register_forecast(
            skill="technical_analysis", direction="BUY",
            entry_price=1.0850, target_price=1.0900, confidence=70,
        )
        tracker.resolve_all(current_price=1.0910)
        stats = tracker.get_skill_accuracy("technical_analysis")
>       assert stats["total"] == 1
E       assert 0 == 1

tests\test_phase3_adaptive.py:177: AssertionError
_____________________ TestForecastTracker.test_scoreboard _____________________

self = <tests.test_phase3_adaptive.TestForecastTracker object at 0x000002A367B7D470>

    def test_scoreboard(self):
        tracker = self._make_tracker()
        tracker.register_forecast(
            skill="technical_analysis", direction="BUY",
            entry_price=1.0850, target_price=1.0900, confidence=70,
        )
        tracker.resolve_all(current_price=1.0910)
        board = tracker.get_scoreboard()
>       assert "technical_analysis" in board
E       AssertionError: assert 'technical_analysis' in {}

tests\test_phase3_adaptive.py:188: AssertionError
________________ TestPhase3Learning.test_adaptive_tuner_report ________________

self = <tests.test_phase3_learning.TestPhase3Learning testMethod=test_adaptive_tuner_report>

    async def test_adaptive_tuner_report(self):
        """Test tuning recommendations from trade history."""
        # Add 5 winning trades to satisfy min_trades requirement
        for i in range(5):
            self.storage.save_trade_journal(
                direction="BUY", entry_price=1.0800 + (i * 0.0010),
                strategy="TrendFollowing", confidence=0.7
            )
>           trade_id = self.storage.get_trade_journal(status="open")[0]["id"]
                       ^^^^^^^^^^^^^^^^^^^^^^^^^^^^^^^^^^^^^^^^^^^^^^^^
E           TypeError: 'coroutine' object is not subscriptable

tests\test_phase3_learning.py:64: TypeError
------------------------------ Captured log call ------------------------------
WARNING  euroscope.brain.vector_memory:vector_memory.py:34 VectorMemory disabled: ChromaDB is not compatible with Python 3.14+.
_____________ TestPhase3Learning.test_pattern_tracker_resolution ______________

self = <tests.test_phase3_learning.TestPhase3Learning testMethod=test_pattern_tracker_resolution>

    async def test_pattern_tracker_resolution(self):
        """Test pattern detection and resolution loop."""
        # 1. Record multiple detections to trigger multiplier data (min 3)
        self.tracker.record_detection("Double Top", "H1", "Bearish", 1.0900)
        self.tracker.record_detection("Double Top", "H1", "Bearish", 1.0890)
        self.tracker.record_detection("Double Top", "H1", "Bearish", 1.0880)
    
        # 2. Check pending
        pending = self.storage.get_unresolved_patterns()
>       self.assertEqual(len(pending), 3)
                         ^^^^^^^^^^^^
E       TypeError: object of type 'coroutine' has no len()

tests\test_phase3_learning.py:41: TypeError
------------------------------ Captured log call ------------------------------
WARNING  euroscope.brain.vector_memory:vector_memory.py:34 VectorMemory disabled: ChromaDB is not compatible with Python 3.14+.
___________________________ test_alert_storage_ops ____________________________

    @pytest.mark.asyncio
    async def test_alert_storage_ops():
        # 1. Real storage (memory) for logic check
        storage = Storage(":memory:")
        chat_id = 999
    
        # 2. Add alerts
        storage.add_alert("above", 1.1000, chat_id)
        storage.add_alert("below", 1.0500, chat_id)
    
        # 3. Verify get_user_alerts
        alerts = storage.get_user_alerts(chat_id)
>       assert len(alerts) == 2
               ^^^^^^^^^^^
E       TypeError: object of type 'coroutine' has no len()

tests\test_phase5_logic.py:83: TypeError
__________________________ test_daily_drawdown_guard __________________________

    @pytest.mark.asyncio
    async def test_daily_drawdown_guard():
        config = Config()
        config.safety_max_daily_drawdown_pips = 50.0
        guard = SafetyGuardrail(config)
    
        with patch("euroscope.data.storage.Storage.get_trade_journal_for_date") as mock_get:
            # Mock storage to return a negative PnL for today that breaches the 50 pip limit
            mock_get.return_value = [{"pnl_pips": -20.0}, {"pnl_pips": -31.0}]
    
            ctx = SkillContext(signals={"direction": "BUY"})
            blocked, reason = await guard.should_block_signal(ctx)
    
>           assert blocked is True
E           assert False is True

tests\test_phase6_risk.py:21: AssertionError
------------------------------ Captured log call ------------------------------
WARNING  euroscope.guardrails:safety_guardrails.py:42 Could not fetch daily PnL: 'coroutine' object is not iterable
_____________________ TestTradeJournal.test_save_and_get ______________________

self = <tests.test_phase9.TestTradeJournal object at 0x000002A367C4DBD0>
storage = <euroscope.data.storage.Storage object at 0x000002A368D306B0>

    def test_save_and_get(self, storage):
        tid = storage.save_trade_journal(
            direction="BUY", entry_price=1.0850,
            stop_loss=1.0800, take_profit=1.0950,
            strategy="trend_following", timeframe="H1",
            regime="trending", confidence=75.0,
            indicators={"RSI": 55.0}, patterns=["double_bottom"],
            reasoning="Strong bullish momentum",
        )
>       assert tid == 1
E       assert <coroutine object Storage.save_trade_journal at 0x000002A36A986A40> == 1

tests\test_phase9.py:28: AssertionError
________________ TestTradeJournal.test_causal_chain_persisted _________________

self = <tests.test_phase9.TestTradeJournal object at 0x000002A367C4DD10>
storage = <euroscope.data.storage.Storage object at 0x000002A368D33E90>

    def test_causal_chain_persisted(self, storage):
        chain = {
            "trigger": "macro_event",
            "reaction": "strong_break",
            "indicator_response": "confirmed",
            "outcome": "profitable",
        }
        tid = storage.save_trade_journal(
            direction="BUY", entry_price=1.0850,
            strategy="trend_following",
            causal_chain=chain,
        )
        trade = storage.get_trade_with_causal(tid)
        assert trade is not None
>       assert trade["causal_chain"] == chain
               ^^^^^^^^^^^^^^^^^^^^^
E       TypeError: 'coroutine' object is not subscriptable

tests\test_phase9.py:50: TypeError
____________________ TestTradeJournal.test_close_and_stats ____________________

self = <tests.test_phase9.TestTradeJournal object at 0x000002A367C8C3E0>
storage = <euroscope.data.storage.Storage object at 0x000002A368D31F70>

    def test_close_and_stats(self, storage):
        tid = storage.save_trade_journal(
            direction="BUY", entry_price=1.0850,
            strategy="trend_following",
        )
        storage.close_trade_journal(tid, exit_price=1.0900, pnl_pips=50.0, is_win=True)
    
        stats = storage.get_trade_journal_stats()
>       assert stats["total"] == 1
               ^^^^^^^^^^^^^^
E       TypeError: 'coroutine' object is not subscriptable

tests\test_phase9.py:60: TypeError
___________________ TestTradeJournal.test_stats_by_strategy ___________________

self = <tests.test_phase9.TestTradeJournal object at 0x000002A367C8C510>
storage = <euroscope.data.storage.Storage object at 0x000002A368D31970>

    def test_stats_by_strategy(self, storage):
        for i in range(3):
            tid = storage.save_trade_journal(
                direction="BUY", entry_price=1.0850,
                strategy="trend_following" if i < 2 else "mean_reversion",
            )
            storage.close_trade_journal(
                tid, exit_price=1.09 if i == 0 else 1.08,
                pnl_pips=50.0 if i == 0 else -20.0,
                is_win=i == 0,
            )
    
        stats = storage.get_trade_journal_stats()
>       assert stats["total"] == 3
               ^^^^^^^^^^^^^^
E       TypeError: 'coroutine' object is not subscriptable

tests\test_phase9.py:78: TypeError
___________________ TestTradeJournal.test_filter_by_status ____________________

self = <tests.test_phase9.TestTradeJournal object at 0x000002A367BDF770>
storage = <euroscope.data.storage.Storage object at 0x000002A36AC89CD0>

    def test_filter_by_status(self, storage):
        tid = storage.save_trade_journal(direction="BUY", entry_price=1.08)
        storage.save_trade_journal(direction="SELL", entry_price=1.09)
    
        storage.close_trade_journal(tid, 1.09, 100.0, True)
    
        open_trades = storage.get_trade_journal(status="open")
>       assert len(open_trades) == 1
               ^^^^^^^^^^^^^^^^
E       TypeError: object of type 'coroutine' has no len()

tests\test_phase9.py:89: TypeError
__________________ TestTradeJournalSkill.test_log_and_close ___________________

self = <tests.test_phase9.TestTradeJournalSkill object at 0x000002A367C4DE50>
storage = <euroscope.data.storage.Storage object at 0x000002A36AC8A570>

    def test_log_and_close(self, storage):
        from euroscope.skills.trade_journal.skill import TradeJournalSkill
        from euroscope.skills.base import SkillContext
    
        skill = TradeJournalSkill()
        skill.storage = storage
        ctx = SkillContext()
    
        result = skill.execute(ctx, "log_trade",
                               direction="BUY", entry_price=1.085,
                               strategy="breakout")
        assert result.success
        trade_id = result.data["trade_id"]
    
        result = skill.execute(ctx, "close_trade",
                               trade_id=trade_id, exit_price=1.09,
                               pnl_pips=50.0, is_win=True)
>       assert result.success
E       assert False
E        +  where False = SkillResult(success=False, data=None, error="'coroutine' object has no attribute 'get'", status='success', metadata={}, next_skill=None).success

tests\test_phase9.py:113: AssertionError
------------------------------ Captured log call ------------------------------
ERROR    euroscope.skills.trade_journal:skill.py:124 Error closing trade: 'coroutine' object has no attribute 'get'
Traceback (most recent call last):
  File "C:\Users\Hp\Desktop\EuroScope\euroscope\skills\trade_journal\skill.py", line 84, in _close_trade
    raw_ind = trade_data.get("indicators_snapshot", "{}")
              ^^^^^^^^^^^^^^
AttributeError: 'coroutine' object has no attribute 'get'
_________________ TestPatternTracker.test_record_and_resolve __________________

self = <tests.test_phase9.TestPatternTracker object at 0x000002A367C4DF90>
storage = <euroscope.data.storage.Storage object at 0x000002A36AC889B0>

    def test_record_and_resolve(self, storage):
        tracker = PatternTracker(storage)
    
        pid = tracker.record_detection("double_bottom", "H4", "BUY", 1.0850)
>       assert pid == 1
E       assert <coroutine object PatternTracker.record_detection at 0x000002A364D33600> == 1

tests\test_phase9.py:128: AssertionError
________________ TestPatternTracker.test_confidence_multiplier ________________

self = <tests.test_phase9.TestPatternTracker object at 0x000002A367C4E0D0>
storage = <euroscope.data.storage.Storage object at 0x000002A36AC886B0>

    def test_confidence_multiplier(self, storage):
        tracker = PatternTracker(storage)
    
        # Too little data \u2192 1.0
        pid = tracker.record_detection("head_shoulders", "H1", "SELL", 1.09)
        tracker.resolve(pid, "SELL", 1.08, True)
>       assert tracker.get_confidence_multiplier("head_shoulders", "H1") == 1.0
E       AssertionError: assert <coroutine object PatternTracker.get_confidence_multiplier at 0x000002A364D6DCC0> == 1.0
E        +  where <coroutine object PatternTracker.get_confidence_multiplier at 0x000002A364D6DCC0> = get_confidence_multiplier('head_shoulders', 'H1')
E        +    where get_confidence_multiplier = <euroscope.learning.pattern_tracker.PatternTracker object at 0x000002A36ACF4690>.get_confidence_multiplier

tests\test_phase9.py:143: AssertionError
_____________________ TestPatternTracker.test_unresolved ______________________

self = <tests.test_phase9.TestPatternTracker object at 0x000002A367C8C640>
storage = <euroscope.data.storage.Storage object at 0x000002A36AC8B1D0>

    def test_unresolved(self, storage):
        tracker = PatternTracker(storage)
        tracker.record_detection("triangle", "H4", "BUY", 1.09)
        tracker.record_detection("flag", "H1", "SELL", 1.08)
    
        unresolved = tracker.get_unresolved()
>       assert len(unresolved) == 2
               ^^^^^^^^^^^^^^^
E       TypeError: object of type 'coroutine' has no len()

tests\test_phase9.py:160: TypeError
____________________ TestPatternTracker.test_format_report ____________________

self = <tests.test_phase9.TestPatternTracker object at 0x000002A367C8C770>
storage = <euroscope.data.storage.Storage object at 0x000002A36AC8BFB0>

    def test_format_report(self, storage):
        tracker = PatternTracker(storage)
    
        for _ in range(3):
            pid = tracker.record_detection("double_bottom", "H4", "BUY", 1.08)
            tracker.resolve(pid, "BUY", 1.09, True)
    
        pid = tracker.record_detection("double_bottom", "H4", "BUY", 1.08)
        tracker.resolve(pid, "SELL", 1.07, False)
    
        report = tracker.format_report()
>       assert "double_bottom" in report
               ^^^^^^^^^^^^^^^^^^^^^^^^^
E       TypeError: argument of type 'coroutine' is not a container or iterable

tests\test_phase9.py:173: TypeError
___________________ TestAdaptiveTuner.test_not_enough_data ____________________

self = <tests.test_phase9.TestAdaptiveTuner object at 0x000002A367C4E210>
storage = <euroscope.data.storage.Storage object at 0x000002A36AC89910>

    def test_not_enough_data(self, storage):
        tuner = AdaptiveTuner(storage)
        result = tuner.analyze()
>       assert not result["ready"]
                   ^^^^^^^^^^^^^^^
E       TypeError: 'coroutine' object is not subscriptable

tests\test_phase9.py:183: TypeError
_____________ TestAdaptiveTuner.test_low_win_rate_recommendation ______________

self = <tests.test_phase9.TestAdaptiveTuner object at 0x000002A367C4E350>
storage = <euroscope.data.storage.Storage object at 0x000002A36AC899D0>

    def test_low_win_rate_recommendation(self, storage):
        tuner = AdaptiveTuner(storage)
    
        # Create 6 losing trades
        for _ in range(6):
            tid = storage.save_trade_journal(
                direction="BUY", entry_price=1.085, strategy="trend",
            )
            storage.close_trade_journal(tid, 1.08, -50.0, False)
    
        result = tuner.analyze()
>       assert result["ready"]
               ^^^^^^^^^^^^^^^
E       TypeError: 'coroutine' object is not subscriptable

tests\test_phase9.py:196: TypeError
_____________ TestAdaptiveTuner.test_high_win_rate_recommendation _____________

self = <tests.test_phase9.TestAdaptiveTuner object at 0x000002A367C8C8A0>
storage = <euroscope.data.storage.Storage object at 0x000002A36AC8ACF0>

    def test_high_win_rate_recommendation(self, storage):
        tuner = AdaptiveTuner(storage)
    
        # Create 6 winning trades
        for _ in range(6):
            tid = storage.save_trade_journal(
                direction="BUY", entry_price=1.085, strategy="trend",
            )
            storage.close_trade_journal(tid, 1.09, 50.0, True)
    
        result = tuner.analyze()
>       assert result["ready"]
               ^^^^^^^^^^^^^^^
E       TypeError: 'coroutine' object is not subscriptable

tests\test_phase9.py:214: TypeError
____________________ TestAdaptiveTuner.test_format_report _____________________

self = <tests.test_phase9.TestAdaptiveTuner object at 0x000002A367BDF890>
storage = <euroscope.data.storage.Storage object at 0x000002A36AC55CD0>

    def test_format_report(self, storage):
        tuner = AdaptiveTuner(storage)
    
        for _ in range(6):
            tid = storage.save_trade_journal(
                direction="BUY", entry_price=1.085, strategy="trend",
            )
            storage.close_trade_journal(tid, 1.08, -50.0, False)
    
        report = tuner.format_report()
>       assert "Adaptive Tuner" in report
               ^^^^^^^^^^^^^^^^^^^^^^^^^^
E       TypeError: argument of type 'coroutine' is not a container or iterable

tests\test_phase9.py:241: TypeError
_______________ TestWorkspaceMemoryRefresh.test_refresh_memory ________________

self = <tests.test_phase9.TestWorkspaceMemoryRefresh object at 0x000002A367C4E490>
storage = <euroscope.data.storage.Storage object at 0x000002A36AC56450>
tmp_path = WindowsPath('C:/Users/Hp/AppData/Local/Temp/pytest-of-Hp/pytest-99/test_refresh_memory0')

    def test_refresh_memory(self, storage, tmp_path):
        from euroscope.workspace import WorkspaceManager
    
        ws = WorkspaceManager(workspace_dir=tmp_path)
    
        # Put some initial content
        (tmp_path / "MEMORY.md").write_text("# Memory\n\n## Recent Analyses\n- old entry\n")
    
        ws.refresh_memory(storage)
    
        content = (tmp_path / "MEMORY.md").read_text()
>       assert "Auto-refreshed" in content
E       AssertionError: assert 'Auto-refreshed' in '# Memory\n\n## Recent Analyses\n- old entry\n'

tests\test_phase9.py:259: AssertionError
_____________________ TestOpenSignal.test_open_returns_id _____________________

self = <tests.test_signal_executor.TestOpenSignal object at 0x000002A3681B6E90>
executor = <euroscope.trading.signal_executor.SignalExecutor object at 0x000002A36870CAD0>

    def test_open_returns_id(self, executor):
        sig_id = executor.open_signal("BUY", 1.0900, 1.0870, 1.0960)
>       assert isinstance(sig_id, int)
E       assert False
E        +  where False = isinstance(<coroutine object SignalExecutor.open_signal at 0x000002A36AC8C360>, int)

tests\test_signal_executor.py:27: AssertionError
__________________ TestOpenSignal.test_open_sets_status_open __________________

self = <tests.test_signal_executor.TestOpenSignal object at 0x000002A3681B6FD0>
executor = <euroscope.trading.signal_executor.SignalExecutor object at 0x000002A36AA7C2D0>

    def test_open_sets_status_open(self, executor):
        sig_id = executor.open_signal("BUY", 1.0900, 1.0870, 1.0960)
        signals = executor.get_open_signals()
>       assert len(signals) == 1
               ^^^^^^^^^^^^
E       TypeError: object of type 'coroutine' has no len()

tests\test_signal_executor.py:33: TypeError
__________________ TestOpenSignal.test_direction_normalized ___________________

self = <tests.test_signal_executor.TestOpenSignal object at 0x000002A3685EC640>
executor = <euroscope.trading.signal_executor.SignalExecutor object at 0x000002A36AA7C410>

    def test_direction_normalized(self, executor):
        executor.open_signal("buy", 1.0900, 1.0870, 1.0960)
        signals = executor.get_open_signals()
>       assert signals[0]["direction"] == "BUY"
               ^^^^^^^^^^
E       TypeError: 'coroutine' object is not subscriptable

tests\test_signal_executor.py:39: TypeError
______________________ TestOpenSignal.test_multiple_open ______________________

self = <tests.test_signal_executor.TestOpenSignal object at 0x000002A3685EC770>
executor = <euroscope.trading.signal_executor.SignalExecutor object at 0x000002A36AA0C180>

    def test_multiple_open(self, executor):
        executor.open_signal("BUY", 1.0900, 1.0870, 1.0960)
        executor.open_signal("SELL", 1.0950, 1.0980, 1.0890)
        signals = executor.get_open_signals()
>       assert len(signals) == 2
               ^^^^^^^^^^^^
E       TypeError: object of type 'coroutine' has no len()

tests\test_signal_executor.py:45: TypeError
____________________ TestCloseSignal.test_close_buy_profit ____________________

self = <tests.test_signal_executor.TestCloseSignal object at 0x000002A3681B7110>
executor = <euroscope.trading.signal_executor.SignalExecutor object at 0x000002A36AA0CD60>

    def test_close_buy_profit(self, executor):
        sig_id = executor.open_signal("BUY", 1.0900, 1.0870, 1.0960)
        result = executor.close_signal(sig_id, 1.0940, "manual")
        assert result is not None
>       assert result["pnl_pips"] == 40.0
               ^^^^^^^^^^^^^^^^^^
E       TypeError: 'coroutine' object is not subscriptable

tests\test_signal_executor.py:56: TypeError
_____________________ TestCloseSignal.test_close_buy_loss _____________________

self = <tests.test_signal_executor.TestCloseSignal object at 0x000002A3681B7250>
executor = <euroscope.trading.signal_executor.SignalExecutor object at 0x000002A36AFAB770>

    def test_close_buy_loss(self, executor):
        sig_id = executor.open_signal("BUY", 1.0900, 1.0870, 1.0960)
        result = executor.close_signal(sig_id, 1.0870, "stop_loss")
>       assert result["pnl_pips"] == -30.0
               ^^^^^^^^^^^^^^^^^^
E       TypeError: 'coroutine' object is not subscriptable

tests\test_signal_executor.py:62: TypeError
___________________ TestCloseSignal.test_close_sell_profit ____________________

self = <tests.test_signal_executor.TestCloseSignal object at 0x000002A3685EC8A0>
executor = <euroscope.trading.signal_executor.SignalExecutor object at 0x000002A36AB3E470>

    def test_close_sell_profit(self, executor):
        sig_id = executor.open_signal("SELL", 1.0900, 1.0930, 1.0840)
        result = executor.close_signal(sig_id, 1.0850, "take_profit")
>       assert result["pnl_pips"] == 50.0
               ^^^^^^^^^^^^^^^^^^
E       TypeError: 'coroutine' object is not subscriptable

tests\test_signal_executor.py:68: TypeError
____________________ TestCloseSignal.test_close_sell_loss _____________________

self = <tests.test_signal_executor.TestCloseSignal object at 0x000002A3685EC9D0>
executor = <euroscope.trading.signal_executor.SignalExecutor object at 0x000002A36AB3E690>

    def test_close_sell_loss(self, executor):
        sig_id = executor.open_signal("SELL", 1.0900, 1.0930, 1.0840)
        result = executor.close_signal(sig_id, 1.0930, "stop_loss")
>       assert result["pnl_pips"] == -30.0
               ^^^^^^^^^^^^^^^^^^
E       TypeError: 'coroutine' object is not subscriptable

tests\test_signal_executor.py:74: TypeError
___________________ TestCloseSignal.test_close_nonexistent ____________________

self = <tests.test_signal_executor.TestCloseSignal object at 0x000002A3685ACDD0>
executor = <euroscope.trading.signal_executor.SignalExecutor object at 0x000002A36AC91F50>

    def test_close_nonexistent(self, executor):
        result = executor.close_signal(999, 1.0900)
>       assert result is None
E       assert <coroutine object SignalExecutor.close_signal at 0x000002A36AC8DAD0> is None

tests\test_signal_executor.py:78: AssertionError
________________ TestCloseSignal.test_closed_not_in_open_list _________________

self = <tests.test_signal_executor.TestCloseSignal object at 0x000002A367BEFDF0>
executor = <euroscope.trading.signal_executor.SignalExecutor object at 0x000002A36AC92150>

    def test_closed_not_in_open_list(self, executor):
        sig_id = executor.open_signal("BUY", 1.0900, 1.0870, 1.0960)
        executor.close_signal(sig_id, 1.0950, "take_profit")
>       assert len(executor.get_open_signals()) == 0
               ^^^^^^^^^^^^^^^^^^^^^^^^^^^^^^^^
E       TypeError: object of type 'coroutine' has no len()

tests\test_signal_executor.py:83: TypeError
________________ TestCheckSignals.test_buy_stop_loss_triggered ________________

self = <tests.test_signal_executor.TestCheckSignals object at 0x000002A3681B7390>
executor = <euroscope.trading.signal_executor.SignalExecutor object at 0x000002A36AFF33E0>

    def test_buy_stop_loss_triggered(self, executor):
        executor.open_signal("BUY", 1.0900, 1.0870, 1.0960)
        closed = executor.check_signals(1.0860)  # Below SL
>       assert len(closed) == 1
               ^^^^^^^^^^^
E       TypeError: object of type 'coroutine' has no len()

tests\test_signal_executor.py:93: TypeError
_______________ TestCheckSignals.test_buy_take_profit_triggered _______________

self = <tests.test_signal_executor.TestCheckSignals object at 0x000002A3681B74D0>
executor = <euroscope.trading.signal_executor.SignalExecutor object at 0x000002A36AC77110>

    def test_buy_take_profit_triggered(self, executor):
        executor.open_signal("BUY", 1.0900, 1.0870, 1.0960)
        closed = executor.check_signals(1.0970)  # Above TP
>       assert len(closed) == 1
               ^^^^^^^^^^^
E       TypeError: object of type 'coroutine' has no len()

tests\test_signal_executor.py:99: TypeError
_______________ TestCheckSignals.test_sell_stop_loss_triggered ________________

self = <tests.test_signal_executor.TestCheckSignals object at 0x000002A3685ECB00>
executor = <euroscope.trading.signal_executor.SignalExecutor object at 0x000002A36AAE6DD0>

    def test_sell_stop_loss_triggered(self, executor):
        executor.open_signal("SELL", 1.0900, 1.0930, 1.0840)
        closed = executor.check_signals(1.0940)  # Above SL
>       assert len(closed) == 1
               ^^^^^^^^^^^
E       TypeError: object of type 'coroutine' has no len()

tests\test_signal_executor.py:105: TypeError
______________ TestCheckSignals.test_sell_take_profit_triggered _______________

self = <tests.test_signal_executor.TestCheckSignals object at 0x000002A3685ECC30>
executor = <euroscope.trading.signal_executor.SignalExecutor object at 0x000002A36AAE6CF0>

    def test_sell_take_profit_triggered(self, executor):
        executor.open_signal("SELL", 1.0900, 1.0930, 1.0840)
        closed = executor.check_signals(1.0830)  # Below TP
>       assert len(closed) == 1
               ^^^^^^^^^^^
E       TypeError: object of type 'coroutine' has no len()

tests\test_signal_executor.py:111: TypeError
__________________ TestCheckSignals.test_no_trigger_in_range __________________

self = <tests.test_signal_executor.TestCheckSignals object at 0x000002A3685ACEF0>
executor = <euroscope.trading.signal_executor.SignalExecutor object at 0x000002A36AE882C0>

    def test_no_trigger_in_range(self, executor):
        executor.open_signal("BUY", 1.0900, 1.0870, 1.0960)
        closed = executor.check_signals(1.0920)  # Between SL and TP
>       assert len(closed) == 0
               ^^^^^^^^^^^
E       TypeError: object of type 'coroutine' has no len()

tests\test_signal_executor.py:117: TypeError
_________________ TestPerformance.test_no_trades_performance __________________

self = <tests.test_signal_executor.TestPerformance object at 0x000002A3681B7610>
executor = <euroscope.trading.signal_executor.SignalExecutor object at 0x000002A36AFECAD0>

    def test_no_trades_performance(self, executor):
        perf = executor.get_performance()
>       assert perf["total_trades"] == 0
               ^^^^^^^^^^^^^^^^^^^^
E       TypeError: 'coroutine' object is not subscriptable

tests\test_signal_executor.py:126: TypeError
________________ TestPerformance.test_performance_with_trades _________________

self = <tests.test_signal_executor.TestPerformance object at 0x000002A3681B7750>
executor = <euroscope.trading.signal_executor.SignalExecutor object at 0x000002A36AFED190>

    def test_performance_with_trades(self, executor):
        # Win
        sig1 = executor.open_signal("BUY", 1.0900, 1.0870, 1.0960)
        executor.close_signal(sig1, 1.0960, "take_profit")
    
        # Loss
        sig2 = executor.open_signal("SELL", 1.0950, 1.0980, 1.0890)
        executor.close_signal(sig2, 1.0980, "stop_loss")
    
        perf = executor.get_performance()
>       assert perf["total_trades"] == 2
               ^^^^^^^^^^^^^^^^^^^^
E       TypeError: 'coroutine' object is not subscriptable

tests\test_signal_executor.py:138: TypeError
_____________________ TestPerformance.test_profit_factor ______________________

self = <tests.test_signal_executor.TestPerformance object at 0x000002A3685ECD60>
executor = <euroscope.trading.signal_executor.SignalExecutor object at 0x000002A36AE9C470>

    def test_profit_factor(self, executor):
        # 2 wins of +40 pips each
        for _ in range(2):
            sid = executor.open_signal("BUY", 1.0900, 1.0870, 1.0960)
            executor.close_signal(sid, 1.0940, "take_profit")
    
        # 1 loss of -30 pips
        sid = executor.open_signal("BUY", 1.0900, 1.0870, 1.0960)
        executor.close_signal(sid, 1.0870, "stop_loss")
    
        perf = executor.get_performance()
>       assert perf["profit_factor"] == round(80 / 30, 2)
               ^^^^^^^^^^^^^^^^^^^^^
E       TypeError: 'coroutine' object is not subscriptable

tests\test_signal_executor.py:154: TypeError
_____________________ TestFormatting.test_format_no_open ______________________

self = <tests.test_signal_executor.TestFormatting object at 0x000002A3681B7890>
executor = <euroscope.trading.signal_executor.SignalExecutor object at 0x000002A36AE9D650>

    def test_format_no_open(self, executor):
        text = executor.format_open_signals()
>       assert "No open signals" in text
               ^^^^^^^^^^^^^^^^^^^^^^^^^
E       TypeError: argument of type 'coroutine' is not a container or iterable

tests\test_signal_executor.py:163: TypeError
_______________________ TestFormatting.test_format_open _______________________

self = <tests.test_signal_executor.TestFormatting object at 0x000002A3681B79D0>
executor = <euroscope.trading.signal_executor.SignalExecutor object at 0x000002A36AE305F0>

    def test_format_open(self, executor):
        executor.open_signal("BUY", 1.0900, 1.0870, 1.0960)
        text = executor.format_open_signals()
>       assert "BUY" in text
               ^^^^^^^^^^^^^
E       TypeError: argument of type 'coroutine' is not a container or iterable

tests\test_signal_executor.py:168: TypeError
______________ TestFormatting.test_format_performance_no_trades _______________

self = <tests.test_signal_executor.TestFormatting object at 0x000002A3685ECE90>
executor = <euroscope.trading.signal_executor.SignalExecutor object at 0x000002A36AE307D0>

    def test_format_performance_no_trades(self, executor):
        text = executor.format_performance()
>       assert "No trades closed" in text
               ^^^^^^^^^^^^^^^^^^^^^^^^^^
E       TypeError: argument of type 'coroutine' is not a container or iterable

tests\test_signal_executor.py:173: TypeError
_____________ TestFormatting.test_format_performance_with_trades ______________

self = <tests.test_signal_executor.TestFormatting object at 0x000002A3685ECFC0>
executor = <euroscope.trading.signal_executor.SignalExecutor object at 0x000002A36ACAEF90>

    def test_format_performance_with_trades(self, executor):
        sid = executor.open_signal("BUY", 1.0900, 1.0870, 1.0960)
        executor.close_signal(sid, 1.0940, "take_profit")
        text = executor.format_performance()
>       assert "Win Rate" in text
               ^^^^^^^^^^^^^^^^^^
E       TypeError: argument of type 'coroutine' is not a container or iterable

tests\test_signal_executor.py:179: TypeError
_____________ TestDefaults.test_creates_defaults_on_first_access ______________

self = <tests.test_user_settings.TestDefaults object at 0x000002A368633D90>
settings = <euroscope.bot.user_settings.UserSettings object at 0x000002A36AEE42C0>

    def test_creates_defaults_on_first_access(self, settings):
        prefs = settings.get_prefs(12345)
>       assert prefs["risk_tolerance"] == "medium"
               ^^^^^^^^^^^^^^^^^^^^^^^
E       TypeError: 'coroutine' object is not subscriptable

tests\test_user_settings.py:26: TypeError
________________________ TestDefaults.test_idempotent _________________________

self = <tests.test_user_settings.TestDefaults object at 0x000002A368633ED0>
settings = <euroscope.bot.user_settings.UserSettings object at 0x000002A36AFED6D0>

    def test_idempotent(self, settings):
        prefs1 = settings.get_prefs(12345)
        prefs2 = settings.get_prefs(12345)
>       assert prefs1["risk_tolerance"] == prefs2["risk_tolerance"]
               ^^^^^^^^^^^^^^^^^^^^^^^^
E       TypeError: 'coroutine' object is not subscriptable

tests\test_user_settings.py:38: TypeError
______________ TestKeyboardBuilder.test_returns_text_and_markup _______________

self = <tests.test_user_settings.TestKeyboardBuilder object at 0x000002A3686C8050>
settings = <euroscope.bot.user_settings.UserSettings object at 0x000002A36AFED490>

    def test_returns_text_and_markup(self, settings):
>       text, keyboard = settings.build_settings_keyboard(12345)
        ^^^^^^^^^^^^^^
E       TypeError: cannot unpack non-iterable coroutine object

tests\test_user_settings.py:44: TypeError
________________ TestKeyboardBuilder.test_shows_current_values ________________

self = <tests.test_user_settings.TestKeyboardBuilder object at 0x000002A3686C8190>
settings = <euroscope.bot.user_settings.UserSettings object at 0x000002A36AEE2E60>

    def test_shows_current_values(self, settings):
        settings.storage.save_user_preferences(12345, preferred_timeframe="H4")
>       text, _ = settings.build_settings_keyboard(12345)
        ^^^^^^^
E       TypeError: cannot unpack non-iterable coroutine object

tests\test_user_settings.py:51: TypeError
_____________ TestKeyboardBuilder.test_alert_icons_reflect_state ______________

self = <tests.test_user_settings.TestKeyboardBuilder object at 0x000002A3686B8510>
settings = <euroscope.bot.user_settings.UserSettings object at 0x000002A36AEE3490>

    def test_alert_icons_reflect_state(self, settings):
        settings.storage.save_user_preferences(12345, alert_on_signals=0)
>       text, _ = settings.build_settings_keyboard(12345)
        ^^^^^^^
E       TypeError: cannot unpack non-iterable coroutine object

tests\test_user_settings.py:56: TypeError
___________________ TestToggleLogic.test_toggle_signals_off ___________________

self = <tests.test_user_settings.TestToggleLogic object at 0x000002A3686C82D0>
settings = <euroscope.bot.user_settings.UserSettings object at 0x000002A36AEF45F0>

    def test_toggle_signals_off(self, settings):
        # Default is ON (1)
        settings.get_prefs(12345)  # Initialize
        prefs = settings.get_prefs(12345)
>       assert prefs["alert_on_signals"] == 1
               ^^^^^^^^^^^^^^^^^^^^^^^^^
E       TypeError: 'coroutine' object is not subscriptable

tests\test_user_settings.py:66: TypeError
_________________ TestToggleLogic.test_toggle_signals_back_on _________________

self = <tests.test_user_settings.TestToggleLogic object at 0x000002A3686C8410>
settings = <euroscope.bot.user_settings.UserSettings object at 0x000002A364DD6710>

    def test_toggle_signals_back_on(self, settings):
        settings.storage.save_user_preferences(12345, alert_on_signals=0)
        settings.storage.save_user_preferences(12345, alert_on_signals=1)
        prefs = settings.get_prefs(12345)
>       assert prefs["alert_on_signals"] == 1
               ^^^^^^^^^^^^^^^^^^^^^^^^^
E       TypeError: 'coroutine' object is not subscriptable

tests\test_user_settings.py:77: TypeError
______________________ TestToggleLogic.test_toggle_news _______________________

self = <tests.test_user_settings.TestToggleLogic object at 0x000002A3686B8640>
settings = <euroscope.bot.user_settings.UserSettings object at 0x000002A36AE78680>

    def test_toggle_news(self, settings):
        settings.get_prefs(12345)
        settings.storage.save_user_preferences(12345, alert_on_news=0)
        prefs = settings.get_prefs(12345)
>       assert prefs["alert_on_news"] == 0
               ^^^^^^^^^^^^^^^^^^^^^^
E       TypeError: 'coroutine' object is not subscriptable

tests\test_user_settings.py:83: TypeError
__________________ TestToggleLogic.test_toggle_daily_report ___________________

self = <tests.test_user_settings.TestToggleLogic object at 0x000002A3686B8770>
settings = <euroscope.bot.user_settings.UserSettings object at 0x000002A36AEC6BD0>

    def test_toggle_daily_report(self, settings):
        settings.get_prefs(12345)
        settings.storage.save_user_preferences(12345, daily_report_enabled=0)
        prefs = settings.get_prefs(12345)
>       assert prefs["daily_report_enabled"] == 0
               ^^^^^^^^^^^^^^^^^^^^^^^^^^^^^
E       TypeError: 'coroutine' object is not subscriptable

tests\test_user_settings.py:89: TypeError
___________________ TestCycleSettings.test_timeframe_cycle ____________________

self = <tests.test_user_settings.TestCycleSettings object at 0x000002A3686C8550>
settings = <euroscope.bot.user_settings.UserSettings object at 0x000002A36AEC76D0>

    def test_timeframe_cycle(self, settings):
        settings.get_prefs(12345)
        # H1 \u2192 H4
        settings.storage.save_user_preferences(12345, preferred_timeframe="H4")
>       assert settings.get_prefs(12345)["preferred_timeframe"] == "H4"
               ^^^^^^^^^^^^^^^^^^^^^^^^^^^^^^^^^^^^^^^^^^^^^^^^
E       TypeError: 'coroutine' object is not subscriptable

tests\test_user_settings.py:98: TypeError
______________________ TestCycleSettings.test_risk_cycle ______________________

self = <tests.test_user_settings.TestCycleSettings object at 0x000002A3686C8690>
settings = <euroscope.bot.user_settings.UserSettings object at 0x000002A36AEFC280>

    def test_risk_cycle(self, settings):
        settings.get_prefs(12345)
        settings.storage.save_user_preferences(12345, risk_tolerance="high")
>       assert settings.get_prefs(12345)["risk_tolerance"] == "high"
               ^^^^^^^^^^^^^^^^^^^^^^^^^^^^^^^^^^^^^^^^^^^
E       TypeError: 'coroutine' object is not subscriptable

tests\test_user_settings.py:106: TypeError
__________________ TestCycleSettings.test_report_hour_cycle ___________________

self = <tests.test_user_settings.TestCycleSettings object at 0x000002A3686B88A0>
settings = <euroscope.bot.user_settings.UserSettings object at 0x000002A36AEBB690>

    def test_report_hour_cycle(self, settings):
        settings.get_prefs(12345)
        settings.storage.save_user_preferences(12345, daily_report_hour=10)
>       assert settings.get_prefs(12345)["daily_report_hour"] == 10
               ^^^^^^^^^^^^^^^^^^^^^^^^^^^^^^^^^^^^^^^^^^^^^^
E       TypeError: 'coroutine' object is not subscriptable

tests\test_user_settings.py:113: TypeError
_____________ TestCycleSettings.test_different_users_independent ______________

self = <tests.test_user_settings.TestCycleSettings object at 0x000002A3686B89D0>
settings = <euroscope.bot.user_settings.UserSettings object at 0x000002A368FD2030>

    def test_different_users_independent(self, settings):
        settings.storage.save_user_preferences(111, risk_tolerance="high")
        settings.storage.save_user_preferences(222, risk_tolerance="low")
>       assert settings.get_prefs(111)["risk_tolerance"] == "high"
               ^^^^^^^^^^^^^^^^^^^^^^^^^^^^^^^^^^^^^^^^^
E       TypeError: 'coroutine' object is not subscriptable

tests\test_user_settings.py:118: TypeError
============================== warnings summary ===============================
tests/test_automation.py::TestEventBus::test_wildcard_subscriber
  C:\Users\Hp\AppData\Roaming\Python\Python314\site-packages\_pytest\threadexception.py:58: PytestUnhandledThreadExceptionWarning: Exception in thread Thread-1 (_connection_worker_thread)
  
  Traceback (most recent call last):
    File "C:\Users\Hp\AppData\Roaming\Python\Python314\site-packages\aiosqlite\core.py", line 66, in _connection_worker_thread
      future.get_loop().call_soon_threadsafe(set_result, future, result)
      ~~~~~~~~~~~~~~~~~~~~~~~~~~~~~~~~~~~~~~^^^^^^^^^^^^^^^^^^^^^^^^^^^^
    File "C:\Python314\Lib\asyncio\base_events.py", line 872, in call_soon_threadsafe
      self._check_closed()
      ~~~~~~~~~~~~~~~~~~^^
    File "C:\Python314\Lib\asyncio\base_events.py", line 550, in _check_closed
      raise RuntimeError('Event loop is closed')
  RuntimeError: Event loop is closed
  
  During handling of the above exception, another exception occurred:
  
  Traceback (most recent call last):
    File "C:\Python314\Lib\threading.py", line 1081, in _bootstrap_inner
      self._context.run(self.run)
      ~~~~~~~~~~~~~~~~~^^^^^^^^^^
    File "C:\Python314\Lib\threading.py", line 1023, in run
      self._target(*self._args, **self._kwargs)
      ~~~~~~~~~~~~^^^^^^^^^^^^^^^^^^^^^^^^^^^^^
    File "C:\Users\Hp\AppData\Roaming\Python\Python314\site-packages\aiosqlite\core.py", line 75, in _connection_worker_thread
      future.get_loop().call_soon_threadsafe(set_exception, future, e)
      ~~~~~~~~~~~~~~~~~~~~~~~~~~~~~~~~~~~~~~^^^^^^^^^^^^^^^^^^^^^^^^^^
    File "C:\Python314\Lib\asyncio\base_events.py", line 872, in call_soon_threadsafe
      self._check_closed()
      ~~~~~~~~~~~~~~~~~~^^
    File "C:\Python314\Lib\asyncio\base_events.py", line 550, in _check_closed
      raise RuntimeError('Event loop is closed')
  RuntimeError: Event loop is closed
  
  Enable tracemalloc to get traceback where the object was allocated.
  See https://docs.pytest.org/en/stable/how-to/capture-warnings.html#resource-warnings for more info.
    warnings.warn(pytest.PytestUnhandledThreadExceptionWarning(msg))

tests/test_integration.py::TestSkillsCommunication::test_context_flows_between_skills
tests/test_integration.py::TestDataFlowPipeline::test_full_executor_flow
tests/test_skills.py::TestSkillExecution::test_signal_executor_open_close
tests/test_skills.py::TestSkillExecution::test_signal_executor_aborts_on_uncertainty
  C:\Users\Hp\Desktop\EuroScope\euroscope\skills\signal_executor\skill.py:87: RuntimeWarning: coroutine 'Storage.get_trade_journal_for_date' was never awaited
    should_block, reason = await self._guardrail.should_block_signal(context)
  Enable tracemalloc to get traceback where the object was allocated.
  See https://docs.pytest.org/en/stable/how-to/capture-warnings.html#resource-warnings for more info.

tests/test_integration.py::TestDataFlowPipeline::test_emergency_mode_blocks_trade_execution
tests/test_integration.py::TestDataFlowPipeline::test_regime_shift_subscribers_react_and_cooldown
  C:\Users\Hp\Desktop\EuroScope\euroscope\skills\deviation_monitor\skill.py:255: RuntimeWarning: coroutine 'Storage.save_trade_journal' was never awaited
    self._storage.save_trade_journal(
  Enable tracemalloc to get traceback where the object was allocated.
  See https://docs.pytest.org/en/stable/how-to/capture-warnings.html#resource-warnings for more info.

tests/test_integration.py::TestDataFlowPipeline::test_emergency_mode_blocks_trade_execution
  C:\Users\Hp\Desktop\EuroScope\euroscope\skills\signal_executor\skill.py:178: RuntimeWarning: coroutine 'Storage.save_trade_journal' was never awaited
    self._storage.save_trade_journal(
  Enable tracemalloc to get traceback where the object was allocated.
  See https://docs.pytest.org/en/stable/how-to/capture-warnings.html#resource-warnings for more info.

tests/test_integration.py::TestDataFlowPipeline::test_trades_output_includes_causal_chain
  C:\Users\Hp\Desktop\EuroScope\tests\test_integration.py:356: RuntimeWarning: coroutine 'PatternTracker.record_detection' was never awaited
    tracker.record_detection("double_top", "H1", "SELL", 1.0850, causal_chain=chain)
  Enable tracemalloc to get traceback where the object was allocated.
  See https://docs.pytest.org/en/stable/how-to/capture-warnings.html#resource-warnings for more info.

tests/test_integration.py::TestDataFlowPipeline::test_trades_output_includes_causal_chain
  C:\Users\Hp\Desktop\EuroScope\euroscope\skills\trade_journal\skill.py:33: RuntimeWarning: coroutine 'Storage.get_trade_journal' was never awaited
    return self._get_journal(**params)
  Enable tracemalloc to get traceback where the object was allocated.
  See https://docs.pytest.org/en/stable/how-to/capture-warnings.html#resource-warnings for more info.

tests/test_learning_loop.py::test_learning_loop_end_to_end
tests/test_phase9.py::TestTradeJournalSkill::test_log_and_close
  C:\Users\Hp\AppData\Roaming\Python\Python314\site-packages\_pytest\stash.py:108: RuntimeWarning: coroutine 'Storage.get_trade_with_causal' was never awaited
    del self._storage[key]
  Enable tracemalloc to get traceback where the object was allocated.
  See https://docs.pytest.org/en/stable/how-to/capture-warnings.html#resource-warnings for more info.

tests/test_learning_loop.py::test_adaptive_tuner_with_insights
  C:\Users\Hp\Desktop\EuroScope\tests\test_learning_loop.py:62: RuntimeWarning: coroutine 'Storage.save_learning_insight' was never awaited
    storage.save_learning_insight(
  Enable tracemalloc to get traceback where the object was allocated.
  See https://docs.pytest.org/en/stable/how-to/capture-warnings.html#resource-warnings for more info.

tests/test_memory.py::TestRecordPrediction::test_record_with_target
  C:\Python314\Lib\ast.py:280: RuntimeWarning: coroutine 'Memory.record_prediction' was never awaited
    def iter_child_nodes(node):
  Enable tracemalloc to get traceback where the object was allocated.
  See https://docs.pytest.org/en/stable/how-to/capture-warnings.html#resource-warnings for more info.

tests/test_memory.py::TestEvaluatePrediction::test_correct_prediction
  C:\Users\Hp\Desktop\EuroScope\tests\test_memory.py:50: RuntimeWarning: coroutine 'Memory.evaluate_prediction' was never awaited
    memory_instance.evaluate_prediction(pid, "BULLISH", 1.0850)
  Enable tracemalloc to get traceback where the object was allocated.
  See https://docs.pytest.org/en/stable/how-to/capture-warnings.html#resource-warnings for more info.

tests/test_memory.py::TestEvaluatePrediction::test_wrong_prediction
  C:\Users\Hp\Desktop\EuroScope\tests\test_memory.py:57: RuntimeWarning: coroutine 'Memory.evaluate_prediction' was never awaited
    memory_instance.evaluate_prediction(pid, "BEARISH", 1.0750)
  Enable tracemalloc to get traceback where the object was allocated.
  See https://docs.pytest.org/en/stable/how-to/capture-warnings.html#resource-warnings for more info.

tests/test_memory.py::TestEvaluatePrediction::test_nonexistent_prediction
  C:\Users\Hp\Desktop\EuroScope\tests\test_memory.py:63: RuntimeWarning: coroutine 'Memory.evaluate_prediction' was never awaited
    memory_instance.evaluate_prediction(9999, "BULLISH", 1.0850)
  Enable tracemalloc to get traceback where the object was allocated.
  See https://docs.pytest.org/en/stable/how-to/capture-warnings.html#resource-warnings for more info.

tests/test_memory.py::TestAccuracyReport::test_with_predictions
  C:\Users\Hp\Desktop\EuroScope\tests\test_memory.py:76: RuntimeWarning: coroutine 'Memory.evaluate_prediction' was never awaited
    memory_instance.evaluate_prediction(p1, "BULLISH", 1.0850)
  Enable tracemalloc to get traceback where the object was allocated.
  See https://docs.pytest.org/en/stable/how-to/capture-warnings.html#resource-warnings for more info.

tests/test_memory.py::TestAccuracyReport::test_with_predictions
  C:\Users\Hp\Desktop\EuroScope\tests\test_memory.py:77: RuntimeWarning: coroutine 'Memory.evaluate_prediction' was never awaited
    memory_instance.evaluate_prediction(p2, "BULLISH", 1.0850)
  Enable tracemalloc to get traceback where the object was allocated.
  See https://docs.pytest.org/en/stable/how-to/capture-warnings.html#resource-warnings for more info.

tests/test_memory.py::TestLearningContext::test_with_history
  C:\Users\Hp\Desktop\EuroScope\tests\test_memory.py:93: RuntimeWarning: coroutine 'Memory.evaluate_prediction' was never awaited
    memory_instance.evaluate_prediction(pid, "BULLISH", 1.0850)
  Enable tracemalloc to get traceback where the object was allocated.
  See https://docs.pytest.org/en/stable/how-to/capture-warnings.html#resource-warnings for more info.

tests/test_memory.py::TestLearningContext::test_with_history
  C:\Users\Hp\Desktop\EuroScope\tests\test_memory.py:92: RuntimeWarning: coroutine 'Memory.record_prediction' was never awaited
    pid = memory_instance.record_prediction("BULLISH", 70.0, f"Test {i}")
  Enable tracemalloc to get traceback where the object was allocated.
  See https://docs.pytest.org/en/stable/how-to/capture-warnings.html#resource-warnings for more info.

tests/test_memory.py::TestInsights::test_save_insight
  C:\Users\Hp\Desktop\EuroScope\tests\test_memory.py:103: RuntimeWarning: coroutine 'Memory.save_insight' was never awaited
    memory_instance.save_insight("RSI divergence near support is a strong signal")
  Enable tracemalloc to get traceback where the object was allocated.
  See https://docs.pytest.org/en/stable/how-to/capture-warnings.html#resource-warnings for more info.

tests/test_memory.py::TestInsights::test_save_insight
  C:\Users\Hp\AppData\Roaming\Python\Python314\site-packages\_pytest\_code\source.py:220: RuntimeWarning: coroutine 'Storage.get_unresolved_predictions' was never awaited
    line = source.lines[end - 1].lstrip()
  Enable tracemalloc to get traceback where the object was allocated.
  See https://docs.pytest.org/en/stable/how-to/capture-warnings.html#resource-warnings for more info.

tests/test_memory.py::TestInsights::test_save_insight
  C:\Users\Hp\AppData\Roaming\Python\Python314\site-packages\_pytest\_code\source.py:220: RuntimeWarning: coroutine 'Memory.get_accuracy_report' was never awaited
    line = source.lines[end - 1].lstrip()
  Enable tracemalloc to get traceback where the object was allocated.
  See https://docs.pytest.org/en/stable/how-to/capture-warnings.html#resource-warnings for more info.

tests/test_memory.py::TestInsights::test_save_insight
  C:\Users\Hp\AppData\Roaming\Python\Python314\site-packages\_pytest\_code\source.py:220: RuntimeWarning: coroutine 'Memory.get_learning_context' was never awaited
    line = source.lines[end - 1].lstrip()
  Enable tracemalloc to get traceback where the object was allocated.
  See https://docs.pytest.org/en/stable/how-to/capture-warnings.html#resource-warnings for more info.

tests/test_memory.py::TestInsights::test_save_insight
  C:\Users\Hp\AppData\Roaming\Python\Python314\site-packages\_pytest\_code\source.py:220: RuntimeWarning: coroutine 'Memory.record_prediction' was never awaited
    line = source.lines[end - 1].lstrip()
  Enable tracemalloc to get traceback where the object was allocated.
  See https://docs.pytest.org/en/stable/how-to/capture-warnings.html#resource-warnings for more info.

tests/test_memory.py::TestInsights::test_multiple_insights
  C:\Users\Hp\Desktop\EuroScope\tests\test_memory.py:109: RuntimeWarning: coroutine 'Memory.save_insight' was never awaited
    memory_instance.save_insight(f"Insight {i}")
  Enable tracemalloc to get traceback where the object was allocated.
  See https://docs.pytest.org/en/stable/how-to/capture-warnings.html#resource-warnings for more info.

tests/test_news_sentiment.py::TestAnalyzeSentiment::test_bullish_text
  C:\Users\Hp\AppData\Roaming\Python\Python314\site-packages\urllib3\__init__.py:14: RuntimeWarning: coroutine 'Storage.get_memory' was never awaited
    from . import exceptions
  Enable tracemalloc to get traceback where the object was allocated.
  See https://docs.pytest.org/en/stable/how-to/capture-warnings.html#resource-warnings for more info.

tests/test_news_sentiment.py::TestNewsEngineSentiment::test_sentiment_summary_with_storage
  C:\Users\Hp\Desktop\EuroScope\tests\test_news_sentiment.py:94: RuntimeWarning: coroutine 'Storage.save_news_event' was never awaited
    storage.save_news_event("Bullish news", "test", sentiment="bullish", sentiment_score=0.5)
  Enable tracemalloc to get traceback where the object was allocated.
  See https://docs.pytest.org/en/stable/how-to/capture-warnings.html#resource-warnings for more info.

tests/test_news_sentiment.py::TestNewsEngineSentiment::test_sentiment_summary_with_storage
  C:\Users\Hp\Desktop\EuroScope\tests\test_news_sentiment.py:95: RuntimeWarning: coroutine 'Storage.save_news_event' was never awaited
    storage.save_news_event("Bearish news", "test", sentiment="bearish", sentiment_score=-0.5)
  Enable tracemalloc to get traceback where the object was allocated.
  See https://docs.pytest.org/en/stable/how-to/capture-warnings.html#resource-warnings for more info.

tests/test_news_sentiment.py::TestNewsEngineSentiment::test_sentiment_summary_with_storage
  C:\Users\Hp\Desktop\EuroScope\tests\test_news_sentiment.py:96: RuntimeWarning: coroutine 'Storage.save_news_event' was never awaited
    storage.save_news_event("Neutral news", "test", sentiment="neutral", sentiment_score=0.0)
  Enable tracemalloc to get traceback where the object was allocated.
  See https://docs.pytest.org/en/stable/how-to/capture-warnings.html#resource-warnings for more info.

tests/test_notification_manager.py::TestSignalAlerts::test_notify_skipped_when_alerts_off
  C:\Users\Hp\Desktop\EuroScope\tests\test_notification_manager.py:42: RuntimeWarning: coroutine 'Storage.save_user_preferences' was never awaited
    manager.storage.save_user_preferences(12345, alert_on_signals=0)
  Enable tracemalloc to get traceback where the object was allocated.
  See https://docs.pytest.org/en/stable/how-to/capture-warnings.html#resource-warnings for more info.

tests/test_notification_manager.py::TestPriceAlerts::test_price_alert_triggered
  C:\Users\Hp\Desktop\EuroScope\tests\test_notification_manager.py:68: RuntimeWarning: coroutine 'Storage.add_alert' was never awaited
    manager.storage.add_alert("above", 1.1000, chat_id=12345)
  Enable tracemalloc to get traceback where the object was allocated.
  See https://docs.pytest.org/en/stable/how-to/capture-warnings.html#resource-warnings for more info.

tests/test_notification_manager.py::TestPriceAlerts::test_price_alert_not_triggered
  C:\Users\Hp\Desktop\EuroScope\tests\test_notification_manager.py:74: RuntimeWarning: coroutine 'Storage.add_alert' was never awaited
    manager.storage.add_alert("above", 1.1000, chat_id=12345)
  Enable tracemalloc to get traceback where the object was allocated.
  See https://docs.pytest.org/en/stable/how-to/capture-warnings.html#resource-warnings for more info.

tests/test_notification_manager.py::TestPriceAlerts::test_below_alert_triggered
  C:\Users\Hp\Desktop\EuroScope\tests\test_notification_manager.py:80: RuntimeWarning: coroutine 'Storage.add_alert' was never awaited
    manager.storage.add_alert("below", 1.0900, chat_id=12345)
  Enable tracemalloc to get traceback where the object was allocated.
  See https://docs.pytest.org/en/stable/how-to/capture-warnings.html#resource-warnings for more info.

tests/test_notification_manager.py::TestNewsAlerts::test_news_skipped_when_disabled
  C:\Users\Hp\Desktop\EuroScope\tests\test_notification_manager.py:107: RuntimeWarning: coroutine 'Storage.save_user_preferences' was never awaited
    manager.storage.save_user_preferences(12345, alert_on_news=0)
  Enable tracemalloc to get traceback where the object was allocated.
  See https://docs.pytest.org/en/stable/how-to/capture-warnings.html#resource-warnings for more info.

tests/test_patterns.py::TestPatternTrackerCausal::test_match_causal_pattern_high_confidence
  C:\Users\Hp\Desktop\EuroScope\tests\test_patterns.py:101: RuntimeWarning: coroutine 'PatternTracker.resolve' was never awaited
    tracker.resolve(pid, "SUCCESS", 1.08, True)
  Enable tracemalloc to get traceback where the object was allocated.
  See https://docs.pytest.org/en/stable/how-to/capture-warnings.html#resource-warnings for more info.

tests/test_patterns.py::TestPatternTrackerCausal::test_match_causal_pattern_macro_mismatch
  C:\Users\Hp\Desktop\EuroScope\tests\test_patterns.py:124: RuntimeWarning: coroutine 'PatternTracker.resolve' was never awaited
    tracker.resolve(pid, "SUCCESS", 1.08, True)
  Enable tracemalloc to get traceback where the object was allocated.
  See https://docs.pytest.org/en/stable/how-to/capture-warnings.html#resource-warnings for more info.

tests/test_patterns.py::TestPatternTrackerCausal::test_match_causal_pattern_without_causal_chain
  C:\Users\Hp\Desktop\EuroScope\tests\test_patterns.py:139: RuntimeWarning: coroutine 'PatternTracker.resolve' was never awaited
    tracker.resolve(pid, "SUCCESS", 1.08, True)
  Enable tracemalloc to get traceback where the object was allocated.
  See https://docs.pytest.org/en/stable/how-to/capture-warnings.html#resource-warnings for more info.

tests/test_performance_analytics.py::TestBasicMetrics::test_single_win
tests/test_performance_analytics.py::TestBasicMetrics::test_win_loss_mix
tests/test_performance_analytics.py::TestBasicMetrics::test_profit_factor
tests/test_performance_analytics.py::TestSnapshotPersistence::test_save_and_retrieve
tests/test_performance_analytics.py::TestBreakdowns::test_by_strategy
tests/test_performance_analytics.py::TestFormatting::test_format_with_data
  C:\Users\Hp\Desktop\EuroScope\tests\test_performance_analytics.py:28: RuntimeWarning: coroutine 'Storage.update_signal_status' was never awaited
    storage.update_signal_status(sig_id, "closed", pnl_pips=t["pnl"])
  Enable tracemalloc to get traceback where the object was allocated.
  See https://docs.pytest.org/en/stable/how-to/capture-warnings.html#resource-warnings for more info.

tests/test_performance_analytics.py::TestBasicMetrics::test_win_loss_mix
  C:\Users\Hp\Desktop\EuroScope\tests\test_performance_analytics.py:21: RuntimeWarning: coroutine 'Storage.save_signal' was never awaited
    sig_id = storage.save_signal(
  Enable tracemalloc to get traceback where the object was allocated.
  See https://docs.pytest.org/en/stable/how-to/capture-warnings.html#resource-warnings for more info.

tests/test_performance_analytics.py::TestBasicMetrics::test_win_loss_mix
  C:\Users\Hp\Desktop\EuroScope\tests\test_performance_analytics.py:51: RuntimeWarning: coroutine 'Storage.save_signal' was never awaited
    _seed_trades(analytics.storage, [
  Enable tracemalloc to get traceback where the object was allocated.
  See https://docs.pytest.org/en/stable/how-to/capture-warnings.html#resource-warnings for more info.

tests/test_performance_analytics.py::TestBasicMetrics::test_profit_factor
  C:\Users\Hp\Desktop\EuroScope\tests\test_performance_analytics.py:64: RuntimeWarning: coroutine 'Storage.save_signal' was never awaited
    _seed_trades(analytics.storage, [
  Enable tracemalloc to get traceback where the object was allocated.
  See https://docs.pytest.org/en/stable/how-to/capture-warnings.html#resource-warnings for more info.

tests/test_performance_analytics.py::TestSnapshotPersistence::test_save_and_retrieve
  C:\Users\Hp\Desktop\EuroScope\tests\test_performance_analytics.py:120: RuntimeWarning: coroutine 'Storage.save_signal' was never awaited
    _seed_trades(analytics.storage, [
  Enable tracemalloc to get traceback where the object was allocated.
  See https://docs.pytest.org/en/stable/how-to/capture-warnings.html#resource-warnings for more info.

tests/test_performance_analytics.py::TestBreakdowns::test_by_strategy
  C:\Users\Hp\Desktop\EuroScope\tests\test_performance_analytics.py:139: RuntimeWarning: coroutine 'Storage.save_signal' was never awaited
    _seed_trades(analytics.storage, [
  Enable tracemalloc to get traceback where the object was allocated.
  See https://docs.pytest.org/en/stable/how-to/capture-warnings.html#resource-warnings for more info.

tests/test_performance_analytics.py::TestFormatting::test_format_with_data
  C:\Users\Hp\Desktop\EuroScope\tests\test_performance_analytics.py:158: RuntimeWarning: coroutine 'Storage.save_signal' was never awaited
    _seed_trades(analytics.storage, [
  Enable tracemalloc to get traceback where the object was allocated.
  See https://docs.pytest.org/en/stable/how-to/capture-warnings.html#resource-warnings for more info.

tests/test_phase3_adaptive.py::TestForecastTracker::test_resolve_hit_target
  C:\Users\Hp\Desktop\EuroScope\tests\test_phase3_adaptive.py:42: RuntimeWarning: coroutine 'ForecastTracker.register_forecast' was never awaited
    tracker.register_forecast(
  Enable tracemalloc to get traceback where the object was allocated.
  See https://docs.pytest.org/en/stable/how-to/capture-warnings.html#resource-warnings for more info.

tests/test_phase3_adaptive.py::TestForecastTracker::test_resolve_hit_stop
  C:\Users\Hp\Desktop\EuroScope\tests\test_phase3_adaptive.py:56: RuntimeWarning: coroutine 'ForecastTracker.register_forecast' was never awaited
    tracker.register_forecast(
  Enable tracemalloc to get traceback where the object was allocated.
  See https://docs.pytest.org/en/stable/how-to/capture-warnings.html#resource-warnings for more info.

tests/test_phase3_adaptive.py::TestForecastTracker::test_resolve_sell_target
  C:\Users\Hp\Desktop\EuroScope\tests\test_phase3_adaptive.py:71: RuntimeWarning: coroutine 'ForecastTracker.register_forecast' was never awaited
    tracker.register_forecast(
  Enable tracemalloc to get traceback where the object was allocated.
  See https://docs.pytest.org/en/stable/how-to/capture-warnings.html#resource-warnings for more info.

tests/test_phase3_adaptive.py::TestForecastTracker::test_weight_adjustment_on_success
  C:\Users\Hp\Desktop\EuroScope\tests\test_phase3_adaptive.py:117: RuntimeWarning: coroutine 'ForecastTracker.register_forecast' was never awaited
    tracker.register_forecast(
  Enable tracemalloc to get traceback where the object was allocated.
  See https://docs.pytest.org/en/stable/how-to/capture-warnings.html#resource-warnings for more info.

tests/test_phase3_adaptive.py::TestForecastTracker::test_weight_adjustment_on_success
  C:\Users\Hp\Desktop\EuroScope\tests\test_phase3_adaptive.py:124: RuntimeWarning: coroutine 'ForecastTracker.resolve_all' was never awaited
    tracker.resolve_all(current_price=1.0910)
  Enable tracemalloc to get traceback where the object was allocated.
  See https://docs.pytest.org/en/stable/how-to/capture-warnings.html#resource-warnings for more info.

tests/test_phase3_adaptive.py::TestForecastTracker::test_weight_adjustment_on_failure
  C:\Users\Hp\Desktop\EuroScope\tests\test_phase3_adaptive.py:131: RuntimeWarning: coroutine 'ForecastTracker.register_forecast' was never awaited
    tracker.register_forecast(
  Enable tracemalloc to get traceback where the object was allocated.
  See https://docs.pytest.org/en/stable/how-to/capture-warnings.html#resource-warnings for more info.

tests/test_phase3_adaptive.py::TestForecastTracker::test_weight_adjustment_on_failure
  C:\Users\Hp\Desktop\EuroScope\tests\test_phase3_adaptive.py:139: RuntimeWarning: coroutine 'ForecastTracker.resolve_all' was never awaited
    tracker.resolve_all(current_price=1.0810)
  Enable tracemalloc to get traceback where the object was allocated.
  See https://docs.pytest.org/en/stable/how-to/capture-warnings.html#resource-warnings for more info.

tests/test_phase3_adaptive.py::TestForecastTracker::test_weight_bounds
  C:\Users\Hp\Desktop\EuroScope\tests\test_phase3_adaptive.py:148: RuntimeWarning: coroutine 'ForecastTracker.register_forecast' was never awaited
    tracker.register_forecast(
  Enable tracemalloc to get traceback where the object was allocated.
  See https://docs.pytest.org/en/stable/how-to/capture-warnings.html#resource-warnings for more info.

tests/test_phase3_adaptive.py::TestForecastTracker::test_weight_bounds
  C:\Users\Hp\Desktop\EuroScope\tests\test_phase3_adaptive.py:156: RuntimeWarning: coroutine 'ForecastTracker.resolve_all' was never awaited
    tracker.resolve_all(current_price=1.0810)
  Enable tracemalloc to get traceback where the object was allocated.
  See https://docs.pytest.org/en/stable/how-to/capture-warnings.html#resource-warnings for more info.

tests/test_phase3_adaptive.py::TestForecastTracker::test_get_open_forecasts
  C:\Users\Hp\Desktop\EuroScope\tests\test_phase3_adaptive.py:161: RuntimeWarning: coroutine 'ForecastTracker.register_forecast' was never awaited
    tracker.register_forecast(
  Enable tracemalloc to get traceback where the object was allocated.
  See https://docs.pytest.org/en/stable/how-to/capture-warnings.html#resource-warnings for more info.

tests/test_phase3_adaptive.py::TestForecastTracker::test_get_open_forecasts
  C:\Users\Hp\Desktop\EuroScope\tests\test_phase3_adaptive.py:164: RuntimeWarning: coroutine 'ForecastTracker.register_forecast' was never awaited
    tracker.register_forecast(
  Enable tracemalloc to get traceback where the object was allocated.
  See https://docs.pytest.org/en/stable/how-to/capture-warnings.html#resource-warnings for more info.

tests/test_phase3_adaptive.py::TestForecastTracker::test_skill_accuracy
  C:\Users\Hp\Desktop\EuroScope\tests\test_phase3_adaptive.py:171: RuntimeWarning: coroutine 'ForecastTracker.register_forecast' was never awaited
    tracker.register_forecast(
  Enable tracemalloc to get traceback where the object was allocated.
  See https://docs.pytest.org/en/stable/how-to/capture-warnings.html#resource-warnings for more info.

tests/test_phase3_adaptive.py::TestForecastTracker::test_skill_accuracy
  C:\Users\Hp\Desktop\EuroScope\tests\test_phase3_adaptive.py:175: RuntimeWarning: coroutine 'ForecastTracker.resolve_all' was never awaited
    tracker.resolve_all(current_price=1.0910)
  Enable tracemalloc to get traceback where the object was allocated.
  See https://docs.pytest.org/en/stable/how-to/capture-warnings.html#resource-warnings for more info.

tests/test_phase3_adaptive.py::TestForecastTracker::test_scoreboard
  C:\Users\Hp\Desktop\EuroScope\tests\test_phase3_adaptive.py:182: RuntimeWarning: coroutine 'ForecastTracker.register_forecast' was never awaited
    tracker.register_forecast(
  Enable tracemalloc to get traceback where the object was allocated.
  See https://docs.pytest.org/en/stable/how-to/capture-warnings.html#resource-warnings for more info.

tests/test_phase3_adaptive.py::TestForecastTracker::test_scoreboard
  C:\Users\Hp\Desktop\EuroScope\tests\test_phase3_adaptive.py:186: RuntimeWarning: coroutine 'ForecastTracker.resolve_all' was never awaited
    tracker.resolve_all(current_price=1.0910)
  Enable tracemalloc to get traceback where the object was allocated.
  See https://docs.pytest.org/en/stable/how-to/capture-warnings.html#resource-warnings for more info.

tests/test_phase3_learning.py::TestPhase3Learning::test_adaptive_tuner_report
  C:\Users\Hp\Desktop\EuroScope\tests\test_phase3_learning.py:60: RuntimeWarning: coroutine 'Storage.save_trade_journal' was never awaited
  Coroutine created at (most recent call last)
    File "C:\Python314\Lib\unittest\async_case.py", line 147, in run
      return super().run(result)
    File "C:\Python314\Lib\unittest\case.py", line 669, in run
      self._callTestMethod(testMethod)
    File "C:\Python314\Lib\unittest\async_case.py", line 102, in _callTestMethod
      result = self._callMaybeAsync(method)
    File "C:\Python314\Lib\unittest\async_case.py", line 128, in _callMaybeAsync
      return self._asyncioRunner.run(
    File "C:\Python314\Lib\asyncio\runners.py", line 127, in run
      return self._loop.run_until_complete(task)
    File "C:\Python314\Lib\asyncio\base_events.py", line 706, in run_until_complete
      self.run_forever()
    File "C:\Python314\Lib\asyncio\base_events.py", line 677, in run_forever
      self._run_once()
    File "C:\Python314\Lib\asyncio\base_events.py", line 2038, in _run_once
      handle._run()
    File "C:\Python314\Lib\asyncio\events.py", line 94, in _run
      self._context.run(self._callback, *self._args)
    File "C:\Users\Hp\Desktop\EuroScope\tests\test_phase3_learning.py", line 60, in test_adaptive_tuner_report
      self.storage.save_trade_journal(
    self.storage.save_trade_journal(
  Enable tracemalloc to get traceback where the object was allocated.
  See https://docs.pytest.org/en/stable/how-to/capture-warnings.html#resource-warnings for more info.

tests/test_phase3_learning.py::TestPhase3Learning::test_adaptive_tuner_report
  C:\Users\Hp\Desktop\EuroScope\tests\test_phase3_learning.py:64: RuntimeWarning: coroutine 'Storage.get_trade_journal' was never awaited
  Coroutine created at (most recent call last)
    File "C:\Python314\Lib\unittest\async_case.py", line 147, in run
      return super().run(result)
    File "C:\Python314\Lib\unittest\case.py", line 669, in run
      self._callTestMethod(testMethod)
    File "C:\Python314\Lib\unittest\async_case.py", line 102, in _callTestMethod
      result = self._callMaybeAsync(method)
    File "C:\Python314\Lib\unittest\async_case.py", line 128, in _callMaybeAsync
      return self._asyncioRunner.run(
    File "C:\Python314\Lib\asyncio\runners.py", line 127, in run
      return self._loop.run_until_complete(task)
    File "C:\Python314\Lib\asyncio\base_events.py", line 706, in run_until_complete
      self.run_forever()
    File "C:\Python314\Lib\asyncio\base_events.py", line 677, in run_forever
      self._run_once()
    File "C:\Python314\Lib\asyncio\base_events.py", line 2038, in _run_once
      handle._run()
    File "C:\Python314\Lib\asyncio\events.py", line 94, in _run
      self._context.run(self._callback, *self._args)
    File "C:\Users\Hp\Desktop\EuroScope\tests\test_phase3_learning.py", line 64, in test_adaptive_tuner_report
      trade_id = self.storage.get_trade_journal(status="open")[0]["id"]
    trade_id = self.storage.get_trade_journal(status="open")[0]["id"]
  Enable tracemalloc to get traceback where the object was allocated.
  See https://docs.pytest.org/en/stable/how-to/capture-warnings.html#resource-warnings for more info.

tests/test_phase3_learning.py::TestPhase3Learning::test_pattern_tracker_resolution
  C:\Users\Hp\Desktop\EuroScope\tests\test_phase3_learning.py:35: RuntimeWarning: coroutine 'PatternTracker.record_detection' was never awaited
  Coroutine created at (most recent call last)
    File "C:\Python314\Lib\unittest\async_case.py", line 147, in run
      return super().run(result)
    File "C:\Python314\Lib\unittest\case.py", line 669, in run
      self._callTestMethod(testMethod)
    File "C:\Python314\Lib\unittest\async_case.py", line 102, in _callTestMethod
      result = self._callMaybeAsync(method)
    File "C:\Python314\Lib\unittest\async_case.py", line 128, in _callMaybeAsync
      return self._asyncioRunner.run(
    File "C:\Python314\Lib\asyncio\runners.py", line 127, in run
      return self._loop.run_until_complete(task)
    File "C:\Python314\Lib\asyncio\base_events.py", line 706, in run_until_complete
      self.run_forever()
    File "C:\Python314\Lib\asyncio\base_events.py", line 677, in run_forever
      self._run_once()
    File "C:\Python314\Lib\asyncio\base_events.py", line 2038, in _run_once
      handle._run()
    File "C:\Python314\Lib\asyncio\events.py", line 94, in _run
      self._context.run(self._callback, *self._args)
    File "C:\Users\Hp\Desktop\EuroScope\tests\test_phase3_learning.py", line 35, in test_pattern_tracker_resolution
      self.tracker.record_detection("Double Top", "H1", "Bearish", 1.0900)
    self.tracker.record_detection("Double Top", "H1", "Bearish", 1.0900)
  Enable tracemalloc to get traceback where the object was allocated.
  See https://docs.pytest.org/en/stable/how-to/capture-warnings.html#resource-warnings for more info.

tests/test_phase3_learning.py::TestPhase3Learning::test_pattern_tracker_resolution
  C:\Users\Hp\Desktop\EuroScope\tests\test_phase3_learning.py:36: RuntimeWarning: coroutine 'PatternTracker.record_detection' was never awaited
  Coroutine created at (most recent call last)
    File "C:\Python314\Lib\unittest\async_case.py", line 147, in run
      return super().run(result)
    File "C:\Python314\Lib\unittest\case.py", line 669, in run
      self._callTestMethod(testMethod)
    File "C:\Python314\Lib\unittest\async_case.py", line 102, in _callTestMethod
      result = self._callMaybeAsync(method)
    File "C:\Python314\Lib\unittest\async_case.py", line 128, in _callMaybeAsync
      return self._asyncioRunner.run(
    File "C:\Python314\Lib\asyncio\runners.py", line 127, in run
      return self._loop.run_until_complete(task)
    File "C:\Python314\Lib\asyncio\base_events.py", line 706, in run_until_complete
      self.run_forever()
    File "C:\Python314\Lib\asyncio\base_events.py", line 677, in run_forever
      self._run_once()
    File "C:\Python314\Lib\asyncio\base_events.py", line 2038, in _run_once
      handle._run()
    File "C:\Python314\Lib\asyncio\events.py", line 94, in _run
      self._context.run(self._callback, *self._args)
    File "C:\Users\Hp\Desktop\EuroScope\tests\test_phase3_learning.py", line 36, in test_pattern_tracker_resolution
      self.tracker.record_detection("Double Top", "H1", "Bearish", 1.0890)
    self.tracker.record_detection("Double Top", "H1", "Bearish", 1.0890)
  Enable tracemalloc to get traceback where the object was allocated.
  See https://docs.pytest.org/en/stable/how-to/capture-warnings.html#resource-warnings for more info.

tests/test_phase3_learning.py::TestPhase3Learning::test_pattern_tracker_resolution
  C:\Users\Hp\Desktop\EuroScope\tests\test_phase3_learning.py:37: RuntimeWarning: coroutine 'PatternTracker.record_detection' was never awaited
  Coroutine created at (most recent call last)
    File "C:\Python314\Lib\unittest\async_case.py", line 147, in run
      return super().run(result)
    File "C:\Python314\Lib\unittest\case.py", line 669, in run
      self._callTestMethod(testMethod)
    File "C:\Python314\Lib\unittest\async_case.py", line 102, in _callTestMethod
      result = self._callMaybeAsync(method)
    File "C:\Python314\Lib\unittest\async_case.py", line 128, in _callMaybeAsync
      return self._asyncioRunner.run(
    File "C:\Python314\Lib\asyncio\runners.py", line 127, in run
      return self._loop.run_until_complete(task)
    File "C:\Python314\Lib\asyncio\base_events.py", line 706, in run_until_complete
      self.run_forever()
    File "C:\Python314\Lib\asyncio\base_events.py", line 677, in run_forever
      self._run_once()
    File "C:\Python314\Lib\asyncio\base_events.py", line 2038, in _run_once
      handle._run()
    File "C:\Python314\Lib\asyncio\events.py", line 94, in _run
      self._context.run(self._callback, *self._args)
    File "C:\Users\Hp\Desktop\EuroScope\tests\test_phase3_learning.py", line 37, in test_pattern_tracker_resolution
      self.tracker.record_detection("Double Top", "H1", "Bearish", 1.0880)
    self.tracker.record_detection("Double Top", "H1", "Bearish", 1.0880)
  Enable tracemalloc to get traceback where the object was allocated.
  See https://docs.pytest.org/en/stable/how-to/capture-warnings.html#resource-warnings for more info.

tests/test_phase5_logic.py::test_alert_storage_ops
  C:\Users\Hp\Desktop\EuroScope\tests\test_phase5_logic.py:78: RuntimeWarning: coroutine 'Storage.add_alert' was never awaited
    storage.add_alert("above", 1.1000, chat_id)
  Enable tracemalloc to get traceback where the object was allocated.
  See https://docs.pytest.org/en/stable/how-to/capture-warnings.html#resource-warnings for more info.

tests/test_phase5_logic.py::test_alert_storage_ops
  C:\Users\Hp\Desktop\EuroScope\tests\test_phase5_logic.py:79: RuntimeWarning: coroutine 'Storage.add_alert' was never awaited
    storage.add_alert("below", 1.0500, chat_id)
  Enable tracemalloc to get traceback where the object was allocated.
  See https://docs.pytest.org/en/stable/how-to/capture-warnings.html#resource-warnings for more info.

tests/test_phase6_risk.py::test_daily_drawdown_guard
  C:\Users\Hp\Desktop\EuroScope\tests\test_phase6_risk.py:19: RuntimeWarning: coroutine 'AsyncMockMixin._execute_mock_call' was never awaited
    blocked, reason = await guard.should_block_signal(ctx)
  Enable tracemalloc to get traceback where the object was allocated.
  See https://docs.pytest.org/en/stable/how-to/capture-warnings.html#resource-warnings for more info.

tests/test_phase8.py::test_walk_forward_split
  C:\Users\Hp\AppData\Roaming\Python\Python314\site-packages\pandas\core\internals\blocks.py:744: RuntimeWarning: coroutine 'Storage.get_user_alerts' was never awaited
    @final
  Enable tracemalloc to get traceback where the object was allocated.
  See https://docs.pytest.org/en/stable/how-to/capture-warnings.html#resource-warnings for more info.

tests/test_phase9.py::TestTradeJournal::test_close_and_stats
  C:\Users\Hp\Desktop\EuroScope\tests\test_phase9.py:57: RuntimeWarning: coroutine 'Storage.close_trade_journal' was never awaited
    storage.close_trade_journal(tid, exit_price=1.0900, pnl_pips=50.0, is_win=True)
  Enable tracemalloc to get traceback where the object was allocated.
  See https://docs.pytest.org/en/stable/how-to/capture-warnings.html#resource-warnings for more info.

tests/test_phase9.py::TestTradeJournal::test_stats_by_strategy
  C:\Users\Hp\Desktop\EuroScope\tests\test_phase9.py:71: RuntimeWarning: coroutine 'Storage.close_trade_journal' was never awaited
    storage.close_trade_journal(
  Enable tracemalloc to get traceback where the object was allocated.
  See https://docs.pytest.org/en/stable/how-to/capture-warnings.html#resource-warnings for more info.

tests/test_phase9.py::TestTradeJournal::test_stats_by_strategy
  C:\Users\Hp\Desktop\EuroScope\tests\test_phase9.py:67: RuntimeWarning: coroutine 'Storage.save_trade_journal' was never awaited
    tid = storage.save_trade_journal(
  Enable tracemalloc to get traceback where the object was allocated.
  See https://docs.pytest.org/en/stable/how-to/capture-warnings.html#resource-warnings for more info.

tests/test_phase9.py::TestTradeJournal::test_filter_by_status
  C:\Users\Hp\Desktop\EuroScope\tests\test_phase9.py:84: RuntimeWarning: coroutine 'Storage.save_trade_journal' was never awaited
    storage.save_trade_journal(direction="SELL", entry_price=1.09)
  Enable tracemalloc to get traceback where the object was allocated.
  See https://docs.pytest.org/en/stable/how-to/capture-warnings.html#resource-warnings for more info.

tests/test_phase9.py::TestTradeJournal::test_filter_by_status
  C:\Users\Hp\Desktop\EuroScope\tests\test_phase9.py:86: RuntimeWarning: coroutine 'Storage.close_trade_journal' was never awaited
    storage.close_trade_journal(tid, 1.09, 100.0, True)
  Enable tracemalloc to get traceback where the object was allocated.
  See https://docs.pytest.org/en/stable/how-to/capture-warnings.html#resource-warnings for more info.

tests/test_phase9.py::TestPatternTracker::test_confidence_multiplier
  C:\Users\Hp\Desktop\EuroScope\tests\test_phase9.py:142: RuntimeWarning: coroutine 'PatternTracker.resolve' was never awaited
    tracker.resolve(pid, "SELL", 1.08, True)
  Enable tracemalloc to get traceback where the object was allocated.
  See https://docs.pytest.org/en/stable/how-to/capture-warnings.html#resource-warnings for more info.

tests/test_phase9.py::TestPatternTracker::test_unresolved
  C:\Users\Hp\Desktop\EuroScope\tests\test_phase9.py:156: RuntimeWarning: coroutine 'PatternTracker.record_detection' was never awaited
    tracker.record_detection("triangle", "H4", "BUY", 1.09)
  Enable tracemalloc to get traceback where the object was allocated.
  See https://docs.pytest.org/en/stable/how-to/capture-warnings.html#resource-warnings for more info.

tests/test_phase9.py::TestPatternTracker::test_unresolved
  C:\Users\Hp\Desktop\EuroScope\tests\test_phase9.py:157: RuntimeWarning: coroutine 'PatternTracker.record_detection' was never awaited
    tracker.record_detection("flag", "H1", "SELL", 1.08)
  Enable tracemalloc to get traceback where the object was allocated.
  See https://docs.pytest.org/en/stable/how-to/capture-warnings.html#resource-warnings for more info.

tests/test_phase9.py::TestPatternTracker::test_format_report
  C:\Users\Hp\Desktop\EuroScope\tests\test_phase9.py:167: RuntimeWarning: coroutine 'PatternTracker.resolve' was never awaited
    tracker.resolve(pid, "BUY", 1.09, True)
  Enable tracemalloc to get traceback where the object was allocated.
  See https://docs.pytest.org/en/stable/how-to/capture-warnings.html#resource-warnings for more info.

tests/test_phase9.py::TestPatternTracker::test_format_report
  C:\Users\Hp\Desktop\EuroScope\tests\test_phase9.py:166: RuntimeWarning: coroutine 'PatternTracker.record_detection' was never awaited
    pid = tracker.record_detection("double_bottom", "H4", "BUY", 1.08)
  Enable tracemalloc to get traceback where the object was allocated.
  See https://docs.pytest.org/en/stable/how-to/capture-warnings.html#resource-warnings for more info.

tests/test_phase9.py::TestPatternTracker::test_format_report
  C:\Users\Hp\Desktop\EuroScope\tests\test_phase9.py:169: RuntimeWarning: coroutine 'PatternTracker.record_detection' was never awaited
    pid = tracker.record_detection("double_bottom", "H4", "BUY", 1.08)
  Enable tracemalloc to get traceback where the object was allocated.
  See https://docs.pytest.org/en/stable/how-to/capture-warnings.html#resource-warnings for more info.

tests/test_phase9.py::TestPatternTracker::test_format_report
  C:\Users\Hp\Desktop\EuroScope\tests\test_phase9.py:170: RuntimeWarning: coroutine 'PatternTracker.resolve' was never awaited
    tracker.resolve(pid, "SELL", 1.07, False)
  Enable tracemalloc to get traceback where the object was allocated.
  See https://docs.pytest.org/en/stable/how-to/capture-warnings.html#resource-warnings for more info.

tests/test_phase9.py::TestAdaptiveTuner::test_low_win_rate_recommendation
  C:\Users\Hp\Desktop\EuroScope\tests\test_phase9.py:193: RuntimeWarning: coroutine 'Storage.close_trade_journal' was never awaited
    storage.close_trade_journal(tid, 1.08, -50.0, False)
  Enable tracemalloc to get traceback where the object was allocated.
  See https://docs.pytest.org/en/stable/how-to/capture-warnings.html#resource-warnings for more info.

tests/test_phase9.py::TestAdaptiveTuner::test_low_win_rate_recommendation
  C:\Users\Hp\Desktop\EuroScope\tests\test_phase9.py:190: RuntimeWarning: coroutine 'Storage.save_trade_journal' was never awaited
    tid = storage.save_trade_journal(
  Enable tracemalloc to get traceback where the object was allocated.
  See https://docs.pytest.org/en/stable/how-to/capture-warnings.html#resource-warnings for more info.

tests/test_phase9.py::TestAdaptiveTuner::test_high_win_rate_recommendation
  C:\Users\Hp\Desktop\EuroScope\tests\test_phase9.py:211: RuntimeWarning: coroutine 'Storage.close_trade_journal' was never awaited
    storage.close_trade_journal(tid, 1.09, 50.0, True)
  Enable tracemalloc to get traceback where the object was allocated.
  See https://docs.pytest.org/en/stable/how-to/capture-warnings.html#resource-warnings for more info.

tests/test_phase9.py::TestAdaptiveTuner::test_high_win_rate_recommendation
  C:\Users\Hp\Desktop\EuroScope\tests\test_phase9.py:208: RuntimeWarning: coroutine 'Storage.save_trade_journal' was never awaited
    tid = storage.save_trade_journal(
  Enable tracemalloc to get traceback where the object was allocated.
  See https://docs.pytest.org/en/stable/how-to/capture-warnings.html#resource-warnings for more info.

tests/test_phase9.py::TestAdaptiveTuner::test_format_report
  C:\Users\Hp\Desktop\EuroScope\tests\test_phase9.py:238: RuntimeWarning: coroutine 'Storage.close_trade_journal' was never awaited
    storage.close_trade_journal(tid, 1.08, -50.0, False)
  Enable tracemalloc to get traceback where the object was allocated.
  See https://docs.pytest.org/en/stable/how-to/capture-warnings.html#resource-warnings for more info.

tests/test_phase9.py::TestAdaptiveTuner::test_format_report
  C:\Users\Hp\Desktop\EuroScope\tests\test_phase9.py:235: RuntimeWarning: coroutine 'Storage.save_trade_journal' was never awaited
    tid = storage.save_trade_journal(
  Enable tracemalloc to get traceback where the object was allocated.
  See https://docs.pytest.org/en/stable/how-to/capture-warnings.html#resource-warnings for more info.

tests/test_phase9.py::TestWorkspaceMemoryRefresh::test_refresh_memory
  C:\Users\Hp\Desktop\EuroScope\tests\test_phase9.py:256: RuntimeWarning: coroutine 'WorkspaceManager.refresh_memory' was never awaited
    ws.refresh_memory(storage)
  Enable tracemalloc to get traceback where the object was allocated.
  See https://docs.pytest.org/en/stable/how-to/capture-warnings.html#resource-warnings for more info.

tests/test_safety_guardrails.py::test_blocks_high_impact_news
  C:\Users\Hp\Desktop\EuroScope\tests\test_safety_guardrails.py:22: RuntimeWarning: coroutine 'Storage.get_trade_journal_for_date' was never awaited
    blocked, reason = await guardrail.should_block_signal(ctx)
  Enable tracemalloc to get traceback where the object was allocated.
  See https://docs.pytest.org/en/stable/how-to/capture-warnings.html#resource-warnings for more info.

tests/test_safety_guardrails.py::test_blocks_asian_reversal_weak_confidence
  C:\Users\Hp\Desktop\EuroScope\tests\test_safety_guardrails.py:34: RuntimeWarning: coroutine 'Storage.get_trade_journal_for_date' was never awaited
    blocked, reason = await guardrail.should_block_signal(ctx)
  Enable tracemalloc to get traceback where the object was allocated.
  See https://docs.pytest.org/en/stable/how-to/capture-warnings.html#resource-warnings for more info.

tests/test_safety_guardrails.py::test_allows_asian_trend_strong_confidence
  C:\Users\Hp\Desktop\EuroScope\tests\test_safety_guardrails.py:46: RuntimeWarning: coroutine 'Storage.get_trade_journal_for_date' was never awaited
    blocked, _ = await guardrail.should_block_signal(ctx)
  Enable tracemalloc to get traceback where the object was allocated.
  See https://docs.pytest.org/en/stable/how-to/capture-warnings.html#resource-warnings for more info.

tests/test_safety_guardrails.py::test_blocks_minimal_macro_quality
  C:\Users\Hp\Desktop\EuroScope\tests\test_safety_guardrails.py:65: RuntimeWarning: coroutine 'Storage.get_trade_journal_for_date' was never awaited
    blocked, reason = await guardrail.should_block_signal(ctx)
  Enable tracemalloc to get traceback where the object was allocated.
  See https://docs.pytest.org/en/stable/how-to/capture-warnings.html#resource-warnings for more info.

tests/test_signal_executor.py::TestOpenSignal::test_direction_normalized
  C:\Users\Hp\Desktop\EuroScope\tests\test_signal_executor.py:37: RuntimeWarning: coroutine 'SignalExecutor.open_signal' was never awaited
    executor.open_signal("buy", 1.0900, 1.0870, 1.0960)
  Enable tracemalloc to get traceback where the object was allocated.
  See https://docs.pytest.org/en/stable/how-to/capture-warnings.html#resource-warnings for more info.

tests/test_signal_executor.py::TestOpenSignal::test_multiple_open
  C:\Users\Hp\Desktop\EuroScope\tests\test_signal_executor.py:42: RuntimeWarning: coroutine 'SignalExecutor.open_signal' was never awaited
    executor.open_signal("BUY", 1.0900, 1.0870, 1.0960)
  Enable tracemalloc to get traceback where the object was allocated.
  See https://docs.pytest.org/en/stable/how-to/capture-warnings.html#resource-warnings for more info.

tests/test_signal_executor.py::TestOpenSignal::test_multiple_open
  C:\Users\Hp\Desktop\EuroScope\tests\test_signal_executor.py:43: RuntimeWarning: coroutine 'SignalExecutor.open_signal' was never awaited
    executor.open_signal("SELL", 1.0950, 1.0980, 1.0890)
  Enable tracemalloc to get traceback where the object was allocated.
  See https://docs.pytest.org/en/stable/how-to/capture-warnings.html#resource-warnings for more info.

tests/test_signal_executor.py::TestCloseSignal::test_closed_not_in_open_list
  C:\Users\Hp\Desktop\EuroScope\tests\test_signal_executor.py:82: RuntimeWarning: coroutine 'SignalExecutor.close_signal' was never awaited
    executor.close_signal(sig_id, 1.0950, "take_profit")
  Enable tracemalloc to get traceback where the object was allocated.
