============================= test session starts =============================
platform win32 -- Python 3.14.0, pytest-9.0.1, pluggy-1.6.0
rootdir: C:\Users\Hp\Desktop\EuroScope
plugins: anyio-4.11.0, asyncio-1.3.0, cov-7.0.0
asyncio: mode=Mode.STRICT, debug=False, asyncio_default_fixture_loop_scope=None, asyncio_default_test_loop_scope=function
collected 412 items

tests\test_automation.py ........................                        [  5%]
tests\test_backtest_engine.py ................                           [  9%]
tests\test_bot_callbacks.py ....                                         [ 10%]
tests\test_fundamental.py .............                                  [ 13%]
tests\test_health_monitor.py ................                            [ 17%]
tests\test_integration.py ................                               [ 21%]
tests\test_levels.py ..................                                  [ 25%]
tests\test_llm_router.py ............                                    [ 28%]
tests\test_memory.py ...........                                         [ 31%]
tests\test_models.py ...........                                         [ 34%]
tests\test_news_sentiment.py .............                               [ 37%]
tests\test_notification_manager.py ...........                           [ 40%]
tests\test_orchestrator_v2.py ...............                            [ 43%]
tests\test_patterns.py ...........                                       [ 46%]
tests\test_performance_analytics.py ................                     [ 50%]
tests\test_phase8.py ...                                                 [ 50%]
tests\test_phase9.py ...............                                     [ 54%]
tests\test_risk_manager.py ........................                      [ 60%]
tests\test_signal_executor.py ......................                     [ 65%]
tests\test_skills.py ................................                    [ 73%]
tests\test_specialists.py .....................                          [ 78%]
tests\test_storage.py ..............................                     [ 85%]
tests\test_strategy.py ................                                  [ 89%]
tests\test_technical.py ..................                               [ 94%]
tests\test_user_settings.py .............                                [ 97%]
tests\test_vector_memory.py .....ssssss                                  [100%]

============================== warnings summary ===============================
tests/test_automation.py::TestHeartbeatService::test_tick_runs_checks
tests/test_automation.py::TestHeartbeatService::test_tick_async_check
tests/test_automation.py::TestHeartbeatService::test_tick_error_handling
tests/test_automation.py::TestHeartbeatService::test_status_change_notification
tests/test_automation.py::TestHeartbeatService::test_status_change_notification
tests/test_integration.py::TestCrossComponentIntegration::test_heartbeat_with_skill_check
  C:\Users\Hp\Desktop\EuroScope\euroscope\automation\heartbeat.py:84: DeprecationWarning: datetime.datetime.utcnow() is deprecated and scheduled for removal in a future version. Use timezone-aware objects to represent datetimes in UTC: datetime.datetime.now(datetime.UTC).
    timestamp = datetime.utcnow().strftime("%H:%M:%S")

tests/test_automation.py::TestHeartbeatService::test_tick_runs_checks
tests/test_automation.py::TestHeartbeatService::test_tick_async_check
tests/test_automation.py::TestHeartbeatService::test_tick_error_handling
tests/test_automation.py::TestHeartbeatService::test_status_change_notification
tests/test_automation.py::TestHeartbeatService::test_status_change_notification
tests/test_integration.py::TestCrossComponentIntegration::test_heartbeat_with_skill_check
  C:\Users\Hp\Desktop\EuroScope\euroscope\automation\heartbeat.py:89: DeprecationWarning: 'asyncio.iscoroutinefunction' is deprecated and slated for removal in Python 3.16; use inspect.iscoroutinefunction() instead
    if asyncio.iscoroutinefunction(check_fn):

tests/test_automation.py::TestHeartbeatService::test_tick_error_handling
tests/test_automation.py::TestHeartbeatService::test_status_change_notification
  C:\Users\Hp\Desktop\EuroScope\euroscope\automation\heartbeat.py:129: DeprecationWarning: datetime.datetime.utcnow() is deprecated and scheduled for removal in a future version. Use timezone-aware objects to represent datetimes in UTC: datetime.datetime.now(datetime.UTC).
    "timestamp": datetime.utcnow().isoformat(),

tests/test_automation.py::TestHeartbeatService::test_status_change_notification
  C:\Users\Hp\Desktop\EuroScope\euroscope\automation\heartbeat.py:134: DeprecationWarning: 'asyncio.iscoroutinefunction' is deprecated and slated for removal in Python 3.16; use inspect.iscoroutinefunction() instead
    if asyncio.iscoroutinefunction(listener):

tests/test_automation.py::TestCronScheduler::test_schedule_once
tests/test_automation.py::TestCronScheduler::test_schedule_recurring
tests/test_automation.py::TestCronScheduler::test_error_handling
  C:\Users\Hp\Desktop\EuroScope\euroscope\automation\cron.py:154: DeprecationWarning: 'asyncio.iscoroutinefunction' is deprecated and slated for removal in Python 3.16; use inspect.iscoroutinefunction() instead
    if asyncio.iscoroutinefunction(task.callback):

tests/test_automation.py::TestCronScheduler::test_schedule_once
tests/test_automation.py::TestCronScheduler::test_schedule_recurring
  C:\Users\Hp\Desktop\EuroScope\euroscope\automation\cron.py:168: DeprecationWarning: datetime.datetime.utcnow() is deprecated and scheduled for removal in a future version. Use timezone-aware objects to represent datetimes in UTC: datetime.datetime.now(datetime.UTC).
    "timestamp": datetime.utcnow().isoformat(),

tests/test_automation.py::TestCronScheduler::test_error_handling
  C:\Users\Hp\Desktop\EuroScope\euroscope\automation\cron.py:181: DeprecationWarning: datetime.datetime.utcnow() is deprecated and scheduled for removal in a future version. Use timezone-aware objects to represent datetimes in UTC: datetime.datetime.now(datetime.UTC).
    "timestamp": datetime.utcnow().isoformat(),

tests/test_automation.py: 15 warnings
tests/test_integration.py: 1 warning
  C:\Users\Hp\Desktop\EuroScope\euroscope\automation\events.py:28: DeprecationWarning: datetime.datetime.utcnow() is deprecated and scheduled for removal in a future version. Use timezone-aware objects to represent datetimes in UTC: datetime.datetime.now(datetime.UTC).
    self.timestamp = datetime.utcnow().isoformat()

tests/test_automation.py::TestEventBus::test_emit_and_subscribe
tests/test_automation.py::TestEventBus::test_wildcard_subscriber
tests/test_automation.py::TestEventBus::test_prefix_match
  C:\Users\Hp\Desktop\EuroScope\euroscope\automation\events.py:97: DeprecationWarning: 'asyncio.iscoroutinefunction' is deprecated and slated for removal in Python 3.16; use inspect.iscoroutinefunction() instead
    if asyncio.iscoroutinefunction(cb):

tests/test_automation.py::TestEventBus::test_emit_sync
tests/test_integration.py::TestCrossComponentIntegration::test_event_triggers_alert
  C:\Users\Hp\Desktop\EuroScope\euroscope\automation\events.py:114: DeprecationWarning: 'asyncio.iscoroutinefunction' is deprecated and slated for removal in Python 3.16; use inspect.iscoroutinefunction() instead
    if not asyncio.iscoroutinefunction(cb):

tests/test_automation.py::TestSmartAlerts::test_add_and_check_rule
tests/test_automation.py::TestSmartAlerts::test_cooldown
tests/test_automation.py::TestSmartAlerts::test_disable_enable
tests/test_automation.py::TestSmartAlerts::test_handler_dispatch
tests/test_automation.py::TestSmartAlerts::test_unacknowledged
tests/test_automation.py::TestSmartAlerts::test_rsi_oversold_trigger
tests/test_integration.py::TestCrossComponentIntegration::test_event_triggers_alert
tests/test_integration.py::TestCrossComponentIntegration::test_default_alerts_integrate_with_indicators
tests/test_integration.py::TestCrossComponentIntegration::test_default_alerts_integrate_with_indicators
  C:\Users\Hp\Desktop\EuroScope\euroscope\automation\alerts.py:43: DeprecationWarning: datetime.datetime.utcnow() is deprecated and scheduled for removal in a future version. Use timezone-aware objects to represent datetimes in UTC: datetime.datetime.now(datetime.UTC).
    self.timestamp = datetime.utcnow().isoformat()

tests/test_fundamental.py::TestCaching::test_cache_stores_and_retrieves
tests/test_fundamental.py::TestCaching::test_clear_cache
  C:\Users\Hp\Desktop\EuroScope\euroscope\data\fundamental.py:56: DeprecationWarning: datetime.datetime.utcnow() is deprecated and scheduled for removal in a future version. Use timezone-aware objects to represent datetimes in UTC: datetime.datetime.now(datetime.UTC).
    self._cache[key] = (data, datetime.utcnow())

tests/test_fundamental.py::TestCaching::test_cache_stores_and_retrieves
  C:\Users\Hp\Desktop\EuroScope\euroscope\data\fundamental.py:50: DeprecationWarning: datetime.datetime.utcnow() is deprecated and scheduled for removal in a future version. Use timezone-aware objects to represent datetimes in UTC: datetime.datetime.now(datetime.UTC).
    if datetime.utcnow() - cached_at < self._cache_ttl:

tests/test_health_monitor.py: 53 warnings
tests/test_skills.py: 1 warning
  C:\Users\Hp\Desktop\EuroScope\euroscope\analytics\health_monitor.py:66: DeprecationWarning: datetime.datetime.utcnow() is deprecated and scheduled for removal in a future version. Use timezone-aware objects to represent datetimes in UTC: datetime.datetime.now(datetime.UTC).
    "timestamp": datetime.utcnow().isoformat(),

tests/test_health_monitor.py::TestErrorTracking::test_error_rate
tests/test_health_monitor.py::TestFullCheck::test_all_healthy
tests/test_health_monitor.py::TestFullCheck::test_uptime_tracked
tests/test_health_monitor.py::TestFullCheck::test_error_rate_included
tests/test_health_monitor.py::TestFormatting::test_format_healthy
tests/test_health_monitor.py::TestFormatting::test_format_with_errors
tests/test_health_monitor.py::TestFormatting::test_uptime_format_minutes
tests/test_health_monitor.py::TestFormatting::test_uptime_format_hours
  C:\Users\Hp\Desktop\EuroScope\euroscope\analytics\health_monitor.py:85: DeprecationWarning: datetime.datetime.utcnow() is deprecated and scheduled for removal in a future version. Use timezone-aware objects to represent datetimes in UTC: datetime.datetime.now(datetime.UTC).
    cutoff = datetime.utcnow() - timedelta(hours=hours)

tests/test_health_monitor.py::TestComponentChecks::test_database_healthy
tests/test_health_monitor.py::TestFullCheck::test_all_healthy
tests/test_health_monitor.py::TestFullCheck::test_uptime_tracked
tests/test_health_monitor.py::TestFullCheck::test_error_rate_included
tests/test_health_monitor.py::TestFormatting::test_format_healthy
tests/test_health_monitor.py::TestFormatting::test_format_with_errors
tests/test_health_monitor.py::TestFormatting::test_uptime_format_minutes
tests/test_health_monitor.py::TestFormatting::test_uptime_format_hours
  C:\Users\Hp\Desktop\EuroScope\euroscope\analytics\health_monitor.py:111: DeprecationWarning: datetime.datetime.utcnow() is deprecated and scheduled for removal in a future version. Use timezone-aware objects to represent datetimes in UTC: datetime.datetime.now(datetime.UTC).
    status.last_check = datetime.utcnow().isoformat()

tests/test_health_monitor.py::TestComponentChecks::test_price_api_no_provider
tests/test_health_monitor.py::TestFullCheck::test_all_healthy
tests/test_health_monitor.py::TestFullCheck::test_uptime_tracked
tests/test_health_monitor.py::TestFullCheck::test_error_rate_included
tests/test_health_monitor.py::TestFormatting::test_format_healthy
tests/test_health_monitor.py::TestFormatting::test_format_with_errors
tests/test_health_monitor.py::TestFormatting::test_uptime_format_minutes
tests/test_health_monitor.py::TestFormatting::test_uptime_format_hours
  C:\Users\Hp\Desktop\EuroScope\euroscope\analytics\health_monitor.py:120: DeprecationWarning: datetime.datetime.utcnow() is deprecated and scheduled for removal in a future version. Use timezone-aware objects to represent datetimes in UTC: datetime.datetime.now(datetime.UTC).
    status.last_check = datetime.utcnow().isoformat()

tests/test_health_monitor.py::TestComponentChecks::test_llm_no_agent
tests/test_health_monitor.py::TestFullCheck::test_all_healthy
tests/test_health_monitor.py::TestFullCheck::test_uptime_tracked
tests/test_health_monitor.py::TestFullCheck::test_error_rate_included
tests/test_health_monitor.py::TestFormatting::test_format_healthy
tests/test_health_monitor.py::TestFormatting::test_format_with_errors
tests/test_health_monitor.py::TestFormatting::test_uptime_format_minutes
tests/test_health_monitor.py::TestFormatting::test_uptime_format_hours
  C:\Users\Hp\Desktop\EuroScope\euroscope\analytics\health_monitor.py:144: DeprecationWarning: datetime.datetime.utcnow() is deprecated and scheduled for removal in a future version. Use timezone-aware objects to represent datetimes in UTC: datetime.datetime.now(datetime.UTC).
    status.last_check = datetime.utcnow().isoformat()

tests/test_levels.py: 13 warnings
tests/test_patterns.py: 6 warnings
tests/test_technical.py: 12 warnings
  C:\Users\Hp\Desktop\EuroScope\tests\conftest.py:30: DeprecationWarning: datetime.datetime.utcnow() is deprecated and scheduled for removal in a future version. Use timezone-aware objects to represent datetimes in UTC: datetime.datetime.now(datetime.UTC).
    dates = pd.date_range(end=datetime.utcnow(), periods=n, freq="1h")

tests/test_memory.py: 11 warnings
tests/test_storage.py: 6 warnings
  C:\Users\Hp\Desktop\EuroScope\euroscope\data\storage.py:177: DeprecationWarning: datetime.datetime.utcnow() is deprecated and scheduled for removal in a future version. Use timezone-aware objects to represent datetimes in UTC: datetime.datetime.now(datetime.UTC).
    (datetime.utcnow().isoformat(), timeframe, direction, confidence, reasoning, target_price)

tests/test_memory.py: 9 warnings
tests/test_storage.py: 3 warnings
  C:\Users\Hp\Desktop\EuroScope\euroscope\data\storage.py:185: DeprecationWarning: datetime.datetime.utcnow() is deprecated and scheduled for removal in a future version. Use timezone-aware objects to represent datetimes in UTC: datetime.datetime.now(datetime.UTC).
    (outcome, accuracy, datetime.utcnow().isoformat(), pred_id)

tests/test_memory.py::TestInsights::test_save_insight
tests/test_memory.py::TestInsights::test_multiple_insights
tests/test_memory.py::TestInsights::test_multiple_insights
tests/test_memory.py::TestInsights::test_multiple_insights
tests/test_memory.py::TestInsights::test_multiple_insights
tests/test_memory.py::TestInsights::test_multiple_insights
tests/test_memory.py::TestInsights::test_multiple_insights
tests/test_memory.py::TestInsights::test_multiple_insights
  C:\Users\Hp\Desktop\EuroScope\euroscope\brain\memory.py:110: DeprecationWarning: datetime.datetime.utcnow() is deprecated and scheduled for removal in a future version. Use timezone-aware objects to represent datetimes in UTC: datetime.datetime.now(datetime.UTC).
    entries.append(f"[{datetime.utcnow().strftime('%Y-%m-%d')}] {insight}")

tests/test_memory.py: 8 warnings
tests/test_storage.py: 5 warnings
  C:\Users\Hp\Desktop\EuroScope\euroscope\data\storage.py:261: DeprecationWarning: datetime.datetime.utcnow() is deprecated and scheduled for removal in a future version. Use timezone-aware objects to represent datetimes in UTC: datetime.datetime.now(datetime.UTC).
    (key, data, datetime.utcnow().isoformat())

tests/test_models.py::TestTradingSignal::test_basic_creation
tests/test_models.py::TestTradingSignal::test_risk_reward_auto_calc
tests/test_models.py::TestTradingSignal::test_sell_signal
tests/test_models.py::TestTradingSignal::test_custom_source
  C:\Users\Hp\Desktop\EuroScope\euroscope\data\models.py:33: DeprecationWarning: datetime.datetime.utcnow() is deprecated and scheduled for removal in a future version. Use timezone-aware objects to represent datetimes in UTC: datetime.datetime.now(datetime.UTC).
    self.created_at = datetime.utcnow().isoformat()

tests/test_models.py::TestNewsEvent::test_basic_creation
tests/test_models.py::TestNewsEvent::test_with_sentiment
  C:\Users\Hp\Desktop\EuroScope\euroscope\data\models.py:57: DeprecationWarning: datetime.datetime.utcnow() is deprecated and scheduled for removal in a future version. Use timezone-aware objects to represent datetimes in UTC: datetime.datetime.now(datetime.UTC).
    self.fetched_at = datetime.utcnow().isoformat()

tests/test_models.py::TestPerformanceMetric::test_basic_creation
tests/test_models.py::TestPerformanceMetric::test_win_rate_auto_calc
tests/test_models.py::TestPerformanceMetric::test_zero_signals
  C:\Users\Hp\Desktop\EuroScope\euroscope\data\models.py:82: DeprecationWarning: datetime.datetime.utcnow() is deprecated and scheduled for removal in a future version. Use timezone-aware objects to represent datetimes in UTC: datetime.datetime.now(datetime.UTC).
    self.calculated_at = datetime.utcnow().isoformat()

tests/test_models.py::TestUserPreference::test_basic_creation
tests/test_models.py::TestUserPreference::test_custom_values
  C:\Users\Hp\Desktop\EuroScope\euroscope\data\models.py:105: DeprecationWarning: datetime.datetime.utcnow() is deprecated and scheduled for removal in a future version. Use timezone-aware objects to represent datetimes in UTC: datetime.datetime.now(datetime.UTC).
    now = datetime.utcnow().isoformat()

tests/test_news_sentiment.py::TestNewsEngineSentiment::test_sentiment_summary_with_storage
tests/test_news_sentiment.py::TestNewsEngineSentiment::test_sentiment_summary_with_storage
tests/test_news_sentiment.py::TestNewsEngineSentiment::test_sentiment_summary_with_storage
tests/test_storage.py::TestNewsEvents::test_save_news
tests/test_storage.py::TestNewsEvents::test_get_recent_news
tests/test_storage.py::TestNewsEvents::test_get_recent_news
tests/test_storage.py::TestNewsEvents::test_get_recent_news
  C:\Users\Hp\Desktop\EuroScope\euroscope\data\storage.py:352: DeprecationWarning: datetime.datetime.utcnow() is deprecated and scheduled for removal in a future version. Use timezone-aware objects to represent datetimes in UTC: datetime.datetime.now(datetime.UTC).
    datetime.utcnow().isoformat())

tests/test_notification_manager.py: 2 warnings
tests/test_storage.py: 5 warnings
tests/test_user_settings.py: 23 warnings
  C:\Users\Hp\Desktop\EuroScope\euroscope\data\storage.py:408: DeprecationWarning: datetime.datetime.utcnow() is deprecated and scheduled for removal in a future version. Use timezone-aware objects to represent datetimes in UTC: datetime.datetime.now(datetime.UTC).
    now = datetime.utcnow().isoformat()

tests/test_notification_manager.py::TestPriceAlerts::test_price_alert_triggered
tests/test_notification_manager.py::TestPriceAlerts::test_price_alert_not_triggered
tests/test_notification_manager.py::TestPriceAlerts::test_below_alert_triggered
tests/test_storage.py::TestAlerts::test_add_and_get_alerts
tests/test_storage.py::TestAlerts::test_trigger_alert
  C:\Users\Hp\Desktop\EuroScope\euroscope\data\storage.py:235: DeprecationWarning: datetime.datetime.utcnow() is deprecated and scheduled for removal in a future version. Use timezone-aware objects to represent datetimes in UTC: datetime.datetime.now(datetime.UTC).
    (datetime.utcnow().isoformat(), condition, target_value, chat_id)

tests/test_notification_manager.py::TestPriceAlerts::test_price_alert_triggered
tests/test_notification_manager.py::TestPriceAlerts::test_below_alert_triggered
tests/test_storage.py::TestAlerts::test_trigger_alert
  C:\Users\Hp\Desktop\EuroScope\euroscope\data\storage.py:251: DeprecationWarning: datetime.datetime.utcnow() is deprecated and scheduled for removal in a future version. Use timezone-aware objects to represent datetimes in UTC: datetime.datetime.now(datetime.UTC).
    (datetime.utcnow().isoformat(), alert_id)

tests/test_orchestrator_v2.py::TestWorkspaceManager::test_update_heartbeat
  C:\Users\Hp\Desktop\EuroScope\euroscope\workspace\__init__.py:94: DeprecationWarning: datetime.datetime.utcnow() is deprecated and scheduled for removal in a future version. Use timezone-aware objects to represent datetimes in UTC: datetime.datetime.now(datetime.UTC).
    f"Last updated: {datetime.utcnow().strftime('%Y-%m-%d %H:%M UTC')}\n",

tests/test_orchestrator_v2.py::TestWorkspaceManager::test_append_memory
  C:\Users\Hp\Desktop\EuroScope\euroscope\workspace\__init__.py:107: DeprecationWarning: datetime.datetime.utcnow() is deprecated and scheduled for removal in a future version. Use timezone-aware objects to represent datetimes in UTC: datetime.datetime.now(datetime.UTC).
    timestamp = datetime.utcnow().strftime("%Y-%m-%d %H:%M UTC")

tests/test_patterns.py::TestSwingPoints::test_small_data_no_crash
tests/test_patterns.py::TestPatternDetector::test_insufficient_data
tests/test_technical.py::TestTechnicalAnalyzer::test_analyze_too_small
  C:\Users\Hp\Desktop\EuroScope\tests\conftest.py:57: DeprecationWarning: datetime.datetime.utcnow() is deprecated and scheduled for removal in a future version. Use timezone-aware objects to represent datetimes in UTC: datetime.datetime.now(datetime.UTC).
    dates = pd.date_range(end=datetime.utcnow(), periods=n, freq="1h")

tests/test_performance_analytics.py: 12 warnings
tests/test_signal_executor.py: 22 warnings
tests/test_storage.py: 5 warnings
  C:\Users\Hp\Desktop\EuroScope\euroscope\data\storage.py:307: DeprecationWarning: datetime.datetime.utcnow() is deprecated and scheduled for removal in a future version. Use timezone-aware objects to represent datetimes in UTC: datetime.datetime.now(datetime.UTC).
    (datetime.utcnow().isoformat(), direction, entry_price, stop_loss,

tests/test_performance_analytics.py: 12 warnings
tests/test_signal_executor.py: 15 warnings
tests/test_storage.py: 2 warnings
  C:\Users\Hp\Desktop\EuroScope\euroscope\data\storage.py:314: DeprecationWarning: datetime.datetime.utcnow() is deprecated and scheduled for removal in a future version. Use timezone-aware objects to represent datetimes in UTC: datetime.datetime.now(datetime.UTC).
    closed_at = datetime.utcnow().isoformat() if status in ("closed", "cancelled") else None

tests/test_performance_analytics.py::TestSnapshotPersistence::test_save_and_retrieve
tests/test_storage.py::TestPerformanceMetrics::test_save_metrics
tests/test_storage.py::TestPerformanceMetrics::test_get_latest
tests/test_storage.py::TestPerformanceMetrics::test_get_latest
  C:\Users\Hp\Desktop\EuroScope\euroscope\data\storage.py:390: DeprecationWarning: datetime.datetime.utcnow() is deprecated and scheduled for removal in a future version. Use timezone-aware objects to represent datetimes in UTC: datetime.datetime.now(datetime.UTC).
    avg_trade_duration_hours, datetime.utcnow().isoformat())

tests/test_phase9.py: 26 warnings
  C:\Users\Hp\Desktop\EuroScope\euroscope\data\storage.py:466: DeprecationWarning: datetime.datetime.utcnow() is deprecated and scheduled for removal in a future version. Use timezone-aware objects to represent datetimes in UTC: datetime.datetime.now(datetime.UTC).
    now = datetime.utcnow().isoformat()

tests/test_phase9.py: 24 warnings
  C:\Users\Hp\Desktop\EuroScope\euroscope\data\storage.py:485: DeprecationWarning: datetime.datetime.utcnow() is deprecated and scheduled for removal in a future version. Use timezone-aware objects to represent datetimes in UTC: datetime.datetime.now(datetime.UTC).
    now = datetime.utcnow().isoformat()

tests/test_phase9.py: 11 warnings
  C:\Users\Hp\Desktop\EuroScope\euroscope\data\storage.py:568: DeprecationWarning: datetime.datetime.utcnow() is deprecated and scheduled for removal in a future version. Use timezone-aware objects to represent datetimes in UTC: datetime.datetime.now(datetime.UTC).
    now = datetime.utcnow().isoformat()

tests/test_phase9.py::TestPatternTracker::test_record_and_resolve
tests/test_phase9.py::TestPatternTracker::test_confidence_multiplier
tests/test_phase9.py::TestPatternTracker::test_confidence_multiplier
tests/test_phase9.py::TestPatternTracker::test_confidence_multiplier
tests/test_phase9.py::TestPatternTracker::test_confidence_multiplier
tests/test_phase9.py::TestPatternTracker::test_format_report
tests/test_phase9.py::TestPatternTracker::test_format_report
tests/test_phase9.py::TestPatternTracker::test_format_report
tests/test_phase9.py::TestPatternTracker::test_format_report
  C:\Users\Hp\Desktop\EuroScope\euroscope\data\storage.py:583: DeprecationWarning: datetime.datetime.utcnow() is deprecated and scheduled for removal in a future version. Use timezone-aware objects to represent datetimes in UTC: datetime.datetime.now(datetime.UTC).
    now = datetime.utcnow().isoformat()

tests/test_phase9.py::TestWorkspaceMemoryRefresh::test_refresh_memory
  C:\Users\Hp\Desktop\EuroScope\euroscope\workspace\__init__.py:145: DeprecationWarning: datetime.datetime.utcnow() is deprecated and scheduled for removal in a future version. Use timezone-aware objects to represent datetimes in UTC: datetime.datetime.now(datetime.UTC).
    f"> Auto-refreshed: {datetime.utcnow().strftime('%Y-%m-%d %H:%M UTC')}\n",

tests/test_risk_manager.py::TestAssessTrade::test_basic_buy_assessment
tests/test_risk_manager.py::TestAssessTrade::test_basic_sell_assessment
tests/test_risk_manager.py::TestAssessTrade::test_risk_score_range
tests/test_risk_manager.py::TestAssessTrade::test_drawdown_blocks_trade
tests/test_risk_manager.py::TestAssessTrade::test_max_trades_blocks
tests/test_risk_manager.py::TestAssessTrade::test_fallback_stop_when_no_atr
tests/test_risk_manager.py::TestTradeTracking::test_format_risk
  C:\Users\Hp\Desktop\EuroScope\euroscope\trading\risk_manager.py:224: DeprecationWarning: datetime.datetime.utcnow() is deprecated and scheduled for removal in a future version. Use timezone-aware objects to represent datetimes in UTC: datetime.datetime.now(datetime.UTC).
    today = datetime.utcnow().strftime("%Y-%m-%d")

tests/test_risk_manager.py::TestAssessTrade::test_drawdown_blocks_trade
  C:\Users\Hp\Desktop\EuroScope\tests\test_risk_manager.py:134: DeprecationWarning: datetime.datetime.utcnow() is deprecated and scheduled for removal in a future version. Use timezone-aware objects to represent datetimes in UTC: datetime.datetime.now(datetime.UTC).
    rm._daily_pnl_date = __import__("datetime").datetime.utcnow().strftime("%Y-%m-%d")

tests/test_storage.py::TestMarketNotes::test_add_and_retrieve
tests/test_storage.py::TestMarketNotes::test_filter_by_category
tests/test_storage.py::TestMarketNotes::test_filter_by_category
  C:\Users\Hp\Desktop\EuroScope\euroscope\data\storage.py:275: DeprecationWarning: datetime.datetime.utcnow() is deprecated and scheduled for removal in a future version. Use timezone-aware objects to represent datetimes in UTC: datetime.datetime.now(datetime.UTC).
    (datetime.utcnow().isoformat(), category, content,

tests/test_technical.py::TestIndicatorFunctions::test_rsi_oversold_in_downtrend
tests/test_technical.py::TestTechnicalAnalyzer::test_downtrend_gives_bearish_bias
  C:\Users\Hp\Desktop\EuroScope\tests\conftest.py:101: DeprecationWarning: datetime.datetime.utcnow() is deprecated and scheduled for removal in a future version. Use timezone-aware objects to represent datetimes in UTC: datetime.datetime.now(datetime.UTC).
    dates = pd.date_range(end=datetime.utcnow(), periods=n, freq="1h")

tests/test_technical.py::TestIndicatorFunctions::test_rsi_overbought_in_uptrend
tests/test_technical.py::TestTechnicalAnalyzer::test_uptrend_gives_bullish_bias
  C:\Users\Hp\Desktop\EuroScope\tests\conftest.py:79: DeprecationWarning: datetime.datetime.utcnow() is deprecated and scheduled for removal in a future version. Use timezone-aware objects to represent datetimes in UTC: datetime.datetime.now(datetime.UTC).
    dates = pd.date_range(end=datetime.utcnow(), periods=n, freq="1h")

tests/test_vector_memory.py::TestVectorMemoryWithChromaDB::test_store_analysis
  C:\Users\Hp\AppData\Roaming\Python\Python314\site-packages\chromadb\config.py:20: UserWarning: Core Pydantic V1 functionality isn't compatible with Python 3.14 or greater.
    from pydantic.v1 import BaseSettings

-- Docs: https://docs.pytest.org/en/stable/how-to/capture-warnings.html
================ 406 passed, 6 skipped, 441 warnings in 34.31s ================
