============================= test session starts =============================
platform win32 -- Python 3.14.0, pytest-9.0.1, pluggy-1.6.0 -- C:\Python314\python.exe
cachedir: .pytest_cache
rootdir: C:\Users\Hp\Desktop\EuroScope
plugins: anyio-4.11.0, asyncio-1.3.0, cov-7.0.0
asyncio: mode=Mode.STRICT, debug=False, asyncio_default_fixture_loop_scope=None, asyncio_default_test_loop_scope=function
collecting ... collected 15 items

tests/test_orchestrator_v2.py::TestSkillChain::test_chain_basic PASSED   [  6%]
tests/test_orchestrator_v2.py::TestSkillChain::test_chain_missing_skill PASSED [ 13%]
tests/test_orchestrator_v2.py::TestSkillChain::test_chain_failed_step_continues PASSED [ 20%]
tests/test_orchestrator_v2.py::TestOrchestratorV2::test_run_skill PASSED [ 26%]
tests/test_orchestrator_v2.py::TestOrchestratorV2::test_run_pipeline PASSED [ 33%]
tests/test_orchestrator_v2.py::TestOrchestratorV2::test_get_available_skills PASSED [ 40%]
tests/test_orchestrator_v2.py::TestOrchestratorV2::test_legacy_run_analysis_still_works PASSED [ 46%]
tests/test_orchestrator_v2.py::TestWorkspaceManager::test_read_identity PASSED [ 53%]
tests/test_orchestrator_v2.py::TestWorkspaceManager::test_read_soul PASSED [ 60%]
tests/test_orchestrator_v2.py::TestWorkspaceManager::test_read_missing_file PASSED [ 66%]
tests/test_orchestrator_v2.py::TestWorkspaceManager::test_build_system_prompt PASSED [ 73%]
tests/test_orchestrator_v2.py::TestWorkspaceManager::test_refresh_tools PASSED [ 80%]
tests/test_orchestrator_v2.py::TestWorkspaceManager::test_update_heartbeat PASSED [ 86%]
tests/test_orchestrator_v2.py::TestWorkspaceManager::test_append_memory PASSED [ 93%]
tests/test_orchestrator_v2.py::TestWorkspaceManager::test_caching PASSED [100%]

============================== warnings summary ===============================
tests/test_orchestrator_v2.py::TestOrchestratorV2::test_legacy_run_analysis_still_works
  C:\Users\Hp\Desktop\EuroScope\euroscope\trading\risk_manager.py:224: DeprecationWarning: datetime.datetime.utcnow() is deprecated and scheduled for removal in a future version. Use timezone-aware objects to represent datetimes in UTC: datetime.datetime.now(datetime.UTC).
    today = datetime.utcnow().strftime("%Y-%m-%d")

tests/test_orchestrator_v2.py::TestWorkspaceManager::test_update_heartbeat
  C:\Users\Hp\Desktop\EuroScope\euroscope\workspace\__init__.py:94: DeprecationWarning: datetime.datetime.utcnow() is deprecated and scheduled for removal in a future version. Use timezone-aware objects to represent datetimes in UTC: datetime.datetime.now(datetime.UTC).
    f"Last updated: {datetime.utcnow().strftime('%Y-%m-%d %H:%M UTC')}\n",

tests/test_orchestrator_v2.py::TestWorkspaceManager::test_append_memory
  C:\Users\Hp\Desktop\EuroScope\euroscope\workspace\__init__.py:107: DeprecationWarning: datetime.datetime.utcnow() is deprecated and scheduled for removal in a future version. Use timezone-aware objects to represent datetimes in UTC: datetime.datetime.now(datetime.UTC).
    timestamp = datetime.utcnow().strftime("%Y-%m-%d %H:%M UTC")

-- Docs: https://docs.pytest.org/en/stable/how-to/capture-warnings.html
======================= 15 passed, 3 warnings in 0.34s ========================
